This is pdfTeX, Version 3.141592653-2.6-1.40.28 (MiKTeX 25.12) (preloaded format=pdflatex 2026.7.13)  15 JUL 2026 10:02
entering extended mode
 restricted \write18 enabled.
 %&-line parsing enabled.
**./main.tex
(main.tex
LaTeX2e <2025-11-01>
L3 programming layer <2025-12-24>
(acmart.cls
Document Class: acmart 2025/08/27 v2.16 Typesetting articles for the Associatio
n for Computing Machinery

(C:\Users\m50057897\AppData\Local\Programs\MiKTeX\tex/latex/xkeyval\xkeyval.sty
Package: xkeyval 2022/06/16 v2.9 package option processing (HA)

(C:\Users\m50057897\AppData\Local\Programs\MiKTeX\tex/generic/xkeyval\xkeyval.t
ex
(C:\Users\m50057897\AppData\Local\Programs\MiKTeX\tex/generic/xkeyval\xkvutils.
tex
\XKV@toks=\toks17
\XKV@tempa@toks=\toks18

(C:\Users\m50057897\AppData\Local\Programs\MiKTeX\tex/generic/xkeyval\keyval.te
x))
\XKV@depth=\count275
File: xkeyval.tex 2014/12/03 v2.7a key=value parser (HA)
))
(C:\Users\m50057897\AppData\Local\Programs\MiKTeX\tex/latex/xstring\xstring.sty

(C:\Users\m50057897\AppData\Local\Programs\MiKTeX\tex/generic/xstring\xstring.t
ex
\xs_counta=\count276
\xs_countb=\count277
)
Package: xstring 2023/08/22 v1.86 String manipulations (CT)
)
(C:\Users\m50057897\AppData\Local\Programs\MiKTeX\tex/generic/iftex\iftex.sty
Package: iftex 2024/12/12 v1.0g TeX engine tests
)
Package acmart Info: Not using screen mode on input line 77.
Package acmart Info: Using breaking urls on hyphens on input line 85.
Package acmart Info: Requiring acmthm on input line 93.
Package acmart Info: Not using review mode on input line 102.
Package acmart Info: Not using authorversion mode on input line 110.
Package acmart Info: Not using nonacm mode on input line 122.
Package acmart Info: Explicitly selecting natbib mode on input line 138.
Package acmart Info: Not using anonymous mode on input line 146.
Package acmart Info: Not using timestamp mode on input line 154.
Package acmart Info: Not using authordraft mode on input line 164.
Package acmart Info: Using review mode on input line 179.
Package acmart Info: Using anonymous mode on input line 179.
Class acmart Info: Using format sigconf, number 4 on input line 179.
Class acmart Info: Using fontsize 9pt on input line 281.

(C:\Users\m50057897\AppData\Local\Programs\MiKTeX\tex/latex/amscls\amsart.cls
Document Class: amsart 2020/05/29 v2.20.6
\linespacing=\dimen148
\normalparindent=\dimen149
\normaltopskip=\skip49

(C:\Users\m50057897\AppData\Local\Programs\MiKTeX\tex/latex/amsmath\amsmath.sty
Package: amsmath 2025/07/09 v2.17z AMS math features
\@mathmargin=\skip50
For additional information on amsmath, use the `?' option.

(C:\Users\m50057897\AppData\Local\Programs\MiKTeX\tex/latex/amsmath\amstext.sty
Package: amstext 2024/11/17 v2.01 AMS text
(C:\Users\m50057897\AppData\Local\Programs\MiKTeX\tex/latex/amsmath\amsgen.sty
File: amsgen.sty 1999/11/30 v2.0 generic functions
\@emptytoks=\toks19
\ex@=\dimen150
))
(C:\Users\m50057897\AppData\Local\Programs\MiKTeX\tex/latex/amsmath\amsbsy.sty
Package: amsbsy 1999/11/29 v1.2d Bold Symbols
\pmbraise@=\dimen151
) (C:\Users\m50057897\AppData\Local\Programs\MiKTeX\tex/latex/amsmath\amsopn.st
y
Package: amsopn 2022/04/08 v2.04 operator names
)
\inf@bad=\count278
LaTeX Info: Redefining \frac on input line 233.
\uproot@=\count279
\leftroot@=\count280
LaTeX Info: Redefining \overline on input line 398.
LaTeX Info: Redefining \colon on input line 409.
\classnum@=\count281
\DOTSCASE@=\count282
LaTeX Info: Redefining \ldots on input line 495.
LaTeX Info: Redefining \dots on input line 498.
LaTeX Info: Redefining \cdots on input line 619.
\Mathstrutbox@=\box53
\strutbox@=\box54
LaTeX Info: Redefining \big on input line 721.
LaTeX Info: Redefining \Big on input line 722.
LaTeX Info: Redefining \bigg on input line 723.
LaTeX Info: Redefining \Bigg on input line 724.
\big@size=\dimen152
LaTeX Font Info:    Redeclaring font encoding OML on input line 742.
LaTeX Font Info:    Redeclaring font encoding OMS on input line 743.
\macc@depth=\count283
LaTeX Info: Redefining \bmod on input line 904.
LaTeX Info: Redefining \pmod on input line 909.
LaTeX Info: Redefining \smash on input line 939.
LaTeX Info: Redefining \relbar on input line 969.
LaTeX Info: Redefining \Relbar on input line 970.
\c@MaxMatrixCols=\count284
\dotsspace@=\muskip17
\c@parentequation=\count285
\dspbrk@lvl=\count286
\tag@help=\toks20
\row@=\count287
\column@=\count288
\maxfields@=\count289
\andhelp@=\toks21
\eqnshift@=\dimen153
\alignsep@=\dimen154
\tagshift@=\dimen155
\tagwidth@=\dimen156
\totwidth@=\dimen157
\lineht@=\dimen158
\@envbody=\toks22
\multlinegap=\skip51
\multlinetaggap=\skip52
\mathdisplay@stack=\toks23
LaTeX Info: Redefining \[ on input line 2950.
LaTeX Info: Redefining \] on input line 2951.
)
LaTeX Font Info:    Trying to load font information for U+msa on input line 397
.
 (C:\Users\m50057897\AppData\Local\Programs\MiKTeX\tex/latex/amsfonts\umsa.fd
File: umsa.fd 2013/01/14 v3.01 AMS symbols A
)
(C:\Users\m50057897\AppData\Local\Programs\MiKTeX\tex/latex/amsfonts\amsfonts.s
ty
Package: amsfonts 2013/01/14 v3.01 Basic AMSFonts support
\symAMSa=\mathgroup4
\symAMSb=\mathgroup5
LaTeX Font Info:    Redeclaring math symbol \hbar on input line 98.
LaTeX Font Info:    Overwriting math alphabet `\mathfrak' in version `bold'
(Font)                  U/euf/m/n --> U/euf/b/n on input line 106.
)
\copyins=\insert252
\abstractbox=\box55
\listisep=\skip53
\c@part=\count290
\c@section=\count291
\c@subsection=\count292
\c@subsubsection=\count293
\c@paragraph=\count294
\c@subparagraph=\count295
\c@figure=\count296
\c@table=\count297
\abovecaptionskip=\skip54
\belowcaptionskip=\skip55
\captionindent=\dimen159
\thm@style=\toks24
\thm@bodyfont=\toks25
\thm@headfont=\toks26
\thm@notefont=\toks27
\thm@headpunct=\toks28
\thm@preskip=\skip56
\thm@postskip=\skip57
\thm@headsep=\skip58
\dth@everypar=\toks29
)
LaTeX Info: Redefining \markboth on input line 283.

(C:\Users\m50057897\AppData\Local\Programs\MiKTeX\tex/latex/microtype\microtype
.sty
Package: microtype 2026/03/01 v3.2d Micro-typographical refinements (RS)

(C:\Users\m50057897\AppData\Local\Programs\MiKTeX\tex/latex/etoolbox\etoolbox.s
ty
Package: etoolbox 2025/10/02 v2.5m e-TeX tools for LaTeX (JAW)
\etb@tempcnta=\count298
)
\MT@toks=\toks30
\MT@tempbox=\box56
\MT@count=\count299
LaTeX Info: Redefining \noprotrusionifhmode on input line 1084.
LaTeX Info: Redefining \leftprotrusion on input line 1085.
\MT@prot@toks=\toks31
LaTeX Info: Redefining \rightprotrusion on input line 1104.
LaTeX Info: Redefining \textls on input line 1449.
\MT@outer@kern=\dimen160
LaTeX Info: Redefining \microtypecontext on input line 2053.
LaTeX Info: Redefining \textmicrotypecontext on input line 2070.
\MT@listname@count=\count300

(C:\Users\m50057897\AppData\Local\Programs\MiKTeX\tex/latex/microtype\microtype
-pdftex.def
File: microtype-pdftex.def 2026/03/01 v3.2d Definitions specific to pdftex (RS)

LaTeX Info: Redefining \lsstyle on input line 944.
LaTeX Info: Redefining \lslig on input line 944.
\MT@outer@space=\skip59
)
Package microtype Info: Loading configuration file microtype.cfg.

(C:\Users\m50057897\AppData\Local\Programs\MiKTeX\tex/latex/microtype\microtype
.cfg
File: microtype.cfg 2026/03/01 v3.2d microtype main configuration file (RS)
)
LaTeX Info: Redefining \microtypesetup on input line 3065.
)
(C:\Users\m50057897\AppData\Local\Programs\MiKTeX\tex/latex/booktabs\booktabs.s
ty
Package: booktabs 2020/01/12 v1.61803398 Publication quality tables
\heavyrulewidth=\dimen161
\lightrulewidth=\dimen162
\cmidrulewidth=\dimen163
\belowrulesep=\dimen164
\belowbottomsep=\dimen165
\aboverulesep=\dimen166
\abovetopsep=\dimen167
\cmidrulesep=\dimen168
\cmidrulekern=\dimen169
\defaultaddspace=\dimen170
\@cmidla=\count301
\@cmidlb=\count302
\@aboverulesep=\dimen171
\@belowrulesep=\dimen172
\@thisruleclass=\count303
\@lastruleclass=\count304
\@thisrulewidth=\dimen173
)
(C:\Users\m50057897\AppData\Local\Programs\MiKTeX\tex/latex/refcount\refcount.s
ty
Package: refcount 2019/12/15 v3.6 Data extraction from label references (HO)

(C:\Users\m50057897\AppData\Local\Programs\MiKTeX\tex/generic/ltxcmds\ltxcmds.s
ty
Package: ltxcmds 2023-12-04 v1.26 LaTeX kernel commands for general use (HO)
)
(C:\Users\m50057897\AppData\Local\Programs\MiKTeX\tex/generic/infwarerr\infware
rr.sty
Package: infwarerr 2019/12/03 v1.5 Providing info/warning/error messages (HO)
))
(C:\Users\m50057897\AppData\Local\Programs\MiKTeX\tex/latex/totpages\totpages.s
ty
Package: totpages 2005/09/19 v2.00 Totpages Package (muewi)

(C:\Users\m50057897\AppData\Local\Programs\MiKTeX\tex/latex/everyshi\everyshi.s
ty
Package: everyshi 2020/11/18 v4.00 EveryShipout Package
))
(C:\Users\m50057897\AppData\Local\Programs\MiKTeX\tex/latex/environ\environ.sty
Package: environ 2014/05/04 v0.3 A new way to define environments

(C:\Users\m50057897\AppData\Local\Programs\MiKTeX\tex/latex/trimspaces\trimspac
es.sty
Package: trimspaces 2009/09/17 v1.1 Trim spaces around a token list
))
\@ACM@acmcp@delta=\dimen174

(C:\Users\m50057897\AppData\Local\Programs\MiKTeX\tex/latex/natbib\natbib.sty
Package: natbib 2010/09/13 8.31b (PWD, AO)
\bibhang=\skip60
\bibsep=\skip61
LaTeX Info: Redefining \cite on input line 694.
\c@NAT@ctr=\count305
)
(C:\Users\m50057897\AppData\Local\Programs\MiKTeX\tex/latex/hyperref\hyperref.s
ty
Package: hyperref 2025-07-12 v7.01o Hypertext links for LaTeX

(C:\Users\m50057897\AppData\Local\Programs\MiKTeX\tex/latex/kvsetkeys\kvsetkeys
.sty
Package: kvsetkeys 2022-10-05 v1.19 Key value parser (HO)
)
(C:\Users\m50057897\AppData\Local\Programs\MiKTeX\tex/generic/kvdefinekeys\kvde
finekeys.sty
Package: kvdefinekeys 2019-12-19 v1.6 Define keys (HO)
)
(C:\Users\m50057897\AppData\Local\Programs\MiKTeX\tex/generic/pdfescape\pdfesca
pe.sty
Package: pdfescape 2019/12/09 v1.15 Implements pdfTeX's escape features (HO)

(C:\Users\m50057897\AppData\Local\Programs\MiKTeX\tex/generic/pdftexcmds\pdftex
cmds.sty
Package: pdftexcmds 2020-06-27 v0.33 Utility functions of pdfTeX for LuaTeX (HO
)
Package pdftexcmds Info: \pdf@primitive is available.
Package pdftexcmds Info: \pdf@ifprimitive is available.
Package pdftexcmds Info: \pdfdraftmode found.
))
(C:\Users\m50057897\AppData\Local\Programs\MiKTeX\tex/latex/hycolor\hycolor.sty
Package: hycolor 2020-01-27 v1.10 Color options for hyperref/bookmark (HO)
)
(C:\Users\m50057897\AppData\Local\Programs\MiKTeX\tex/latex/hyperref\nameref.st
y
Package: nameref 2025-06-21 v2.57 Cross-referencing by name of section

(C:\Users\m50057897\AppData\Local\Programs\MiKTeX\tex/generic/gettitlestring\ge
ttitlestring.sty
Package: gettitlestring 2019/12/15 v1.6 Cleanup title references (HO)

(C:\Users\m50057897\AppData\Local\Programs\MiKTeX\tex/latex/kvoptions\kvoptions
.sty
Package: kvoptions 2022-06-15 v3.15 Key value format for package options (HO)
))
\c@section@level=\count306
)
(C:\Users\m50057897\AppData\Local\Programs\MiKTeX\tex/generic/stringenc\stringe
nc.sty
Package: stringenc 2019/11/29 v1.12 Convert strings between diff. encodings (HO
)
)
\@linkdim=\dimen175
\Hy@linkcounter=\count307
\Hy@pagecounter=\count308

(C:\Users\m50057897\AppData\Local\Programs\MiKTeX\tex/latex/hyperref\pd1enc.def
File: pd1enc.def 2025-07-12 v7.01o Hyperref: PDFDocEncoding definition (HO)
Now handling font encoding PD1 ...
... no UTF-8 mapping file for font encoding PD1
)
(C:\Users\m50057897\AppData\Local\Programs\MiKTeX\tex/generic/intcalc\intcalc.s
ty
Package: intcalc 2019/12/15 v1.3 Expandable calculations with integers (HO)
)
\Hy@SavedSpaceFactor=\count309

(C:\Users\m50057897\AppData\Local\Programs\MiKTeX\tex/latex/hyperref\puenc.def
File: puenc.def 2025-07-12 v7.01o Hyperref: PDF Unicode definition (HO)
Now handling font encoding PU ...
... no UTF-8 mapping file for font encoding PU
)
Package hyperref Info: Option `bookmarksnumbered' set `true' on input line 4066
.
Package hyperref Info: Option `unicode' set `true' on input line 4066.
Package hyperref Info: Hyper figures OFF on input line 4195.
Package hyperref Info: Link nesting OFF on input line 4200.
Package hyperref Info: Hyper index ON on input line 4203.
Package hyperref Info: Plain pages OFF on input line 4210.
Package hyperref Info: Backreferencing OFF on input line 4215.
Package hyperref Info: Implicit mode ON; LaTeX internals redefined.
Package hyperref Info: Bookmarks ON on input line 4462.
\c@Hy@tempcnt=\count310
(C:\Users\m50057897\AppData\Local\Programs\MiKTeX\tex/latex/url\url.sty
\Urlmuskip=\muskip18
Package: url 2013/09/16  ver 3.4  Verb mode for urls, etc.
)
LaTeX Info: Redefining \url on input line 4801.
\XeTeXLinkMargin=\dimen176

(C:\Users\m50057897\AppData\Local\Programs\MiKTeX\tex/generic/bitset\bitset.sty
Package: bitset 2019/12/09 v1.3 Handle bit-vector datatype (HO)

(C:\Users\m50057897\AppData\Local\Programs\MiKTeX\tex/generic/bigintcalc\bigint
calc.sty
Package: bigintcalc 2019/12/15 v1.5 Expandable calculations on big integers (HO
)
))
\Fld@menulength=\count311
\Field@Width=\dimen177
\Fld@charsize=\dimen178
Package hyperref Info: Hyper figures OFF on input line 6078.
Package hyperref Info: Link nesting OFF on input line 6083.
Package hyperref Info: Hyper index ON on input line 6086.
Package hyperref Info: backreferencing OFF on input line 6093.
Package hyperref Info: Link coloring OFF on input line 6098.
Package hyperref Info: Link coloring with OCG OFF on input line 6103.
Package hyperref Info: PDF/A mode OFF on input line 6108.
\Hy@abspage=\count312
\c@Item=\count313
\c@Hfootnote=\count314
)
Package hyperref Info: Driver (autodetected): hpdftex.

(C:\Users\m50057897\AppData\Local\Programs\MiKTeX\tex/latex/hyperref\hpdftex.de
f
File: hpdftex.def 2025-07-12 v7.01o Hyperref driver for pdfTeX
\Fld@listcount=\count315
\c@bookmark@seq@number=\count316

(C:\Users\m50057897\AppData\Local\Programs\MiKTeX\tex/latex/rerunfilecheck\reru
nfilecheck.sty
Package: rerunfilecheck 2025-06-21 v1.11 Rerun checks for auxiliary files (HO)

(C:\Users\m50057897\AppData\Local\Programs\MiKTeX\tex/generic/uniquecounter\uni
quecounter.sty
Package: uniquecounter 2019/12/15 v1.4 Provide unlimited unique counter (HO)
)
Package uniquecounter Info: New unique counter `rerunfilecheck' on input line 2
84.
)
\Hy@SectionHShift=\skip62
)
(C:\Users\m50057897\AppData\Local\Programs\MiKTeX\tex/latex/hyperxmp\hyperxmp.s
ty
Package: hyperxmp 2024/03/17 v5.13 Store hyperref metadata in XMP format
\hyxmp@aep@toks=\toks32

(C:\Users\m50057897\AppData\Local\Programs\MiKTeX\tex/latex/ifmtarg\ifmtarg.sty
Package: ifmtarg 2018/04/16 v1.2b check for an empty argument
) (C:\Users\m50057897\AppData\Local\Programs\MiKTeX\tex/latex/base\ifthen.sty
Package: ifthen 2024/03/16 v1.1e Standard LaTeX ifthen package (DPC)
)
\@hyxmp@count=\count317

(C:\Users\m50057897\AppData\Local\Programs\MiKTeX\tex/latex/oberdiek\ifdraft.st
y
Package: ifdraft 2016/05/16 v1.4 Detect class options draft and final (HO)
)
(C:\Users\m50057897\AppData\Local\Programs\MiKTeX\tex/generic/iftex\ifluatex.st
y
Package: ifluatex 2019/10/25 v1.5 ifluatex legacy package. Use iftex instead.
))
(C:\Users\m50057897\AppData\Local\Programs\MiKTeX\tex/latex/graphics\graphicx.s
ty
Package: graphicx 2024/12/31 v1.2e Enhanced LaTeX Graphics (DPC,SPQR)

(C:\Users\m50057897\AppData\Local\Programs\MiKTeX\tex/latex/graphics\graphics.s
ty
Package: graphics 2024/08/06 v1.4g Standard LaTeX Graphics (DPC,SPQR)

(C:\Users\m50057897\AppData\Local\Programs\MiKTeX\tex/latex/graphics\trig.sty
Package: trig 2023/12/02 v1.11 sin cos tan (DPC)
)
(C:\Users\m50057897\AppData\Local\Programs\MiKTeX\tex/latex/graphics-cfg\graphi
cs.cfg
File: graphics.cfg 2016/06/04 v1.11 sample graphics configuration
)
Package graphics Info: Driver file: pdftex.def on input line 106.

(C:\Users\m50057897\AppData\Local\Programs\MiKTeX\tex/latex/graphics-def\pdftex
.def
File: pdftex.def 2025/09/29 v1.2d Graphics/color driver for pdftex
))
\Gin@req@height=\dimen179
\Gin@req@width=\dimen180
)
(C:\Users\m50057897\AppData\Local\Programs\MiKTeX\tex/latex/xcolor\xcolor.sty
Package: xcolor 2024/09/29 v3.02 LaTeX color extensions (UK)

(C:\Users\m50057897\AppData\Local\Programs\MiKTeX\tex/latex/graphics-cfg\color.
cfg
File: color.cfg 2016/01/02 v1.6 sample color configuration
)
Package xcolor Info: Driver file: pdftex.def on input line 274.

(C:\Users\m50057897\AppData\Local\Programs\MiKTeX\tex/latex/graphics\mathcolor.
ltx)
Package xcolor Info: Model `cmy' substituted by `cmy0' on input line 1349.
Package xcolor Info: Model `hsb' substituted by `rgb' on input line 1353.
Package xcolor Info: Model `RGB' extended on input line 1365.
Package xcolor Info: Model `HTML' substituted by `rgb' on input line 1367.
Package xcolor Info: Model `Hsb' substituted by `hsb' on input line 1368.
Package xcolor Info: Model `tHsb' substituted by `hsb' on input line 1369.
Package xcolor Info: Model `HSB' substituted by `hsb' on input line 1370.
Package xcolor Info: Model `Gray' substituted by `gray' on input line 1371.
Package xcolor Info: Model `wave' substituted by `hsb' on input line 1372.
)
(C:\Users\m50057897\AppData\Local\Programs\MiKTeX\tex/latex/geometry\geometry.s
ty
Package: geometry 2026/03/07 v6.0 Page Geometry

(C:\Users\m50057897\AppData\Local\Programs\MiKTeX\tex/generic/iftex\ifvtex.sty
Package: ifvtex 2019/10/25 v1.7 ifvtex legacy package. Use iftex instead.
)
\Gm@cnth=\count318
\Gm@cntv=\count319
\c@Gm@tempcnt=\count320
\Gm@bindingoffset=\dimen181
\Gm@wd@mp=\dimen182
\Gm@odd@mp=\dimen183
\Gm@even@mp=\dimen184
\Gm@layoutwidth=\dimen185
\Gm@layoutheight=\dimen186
\Gm@layouthoffset=\dimen187
\Gm@layoutvoffset=\dimen188
\Gm@dimlist=\toks33

(C:\Users\m50057897\AppData\Local\Programs\MiKTeX\tex/latex/geometry\geometry.c
fg))
(C:\Users\m50057897\AppData\Local\Programs\MiKTeX\tex/latex/ncctools\manyfoot.s
ty
Package: manyfoot 2019/08/03 v1.11 Many Footnote Levels Package (NCC)

(C:\Users\m50057897\AppData\Local\Programs\MiKTeX\tex/latex/ncctools\nccfoots.s
ty
Package: nccfoots 2005/02/03 v1.2 NCC Footnotes Package (NCC)
)
\MFL@columnwidth=\dimen189
)
\footinsauthorsaddresses=\insert251
\c@footnoteauthorsaddresses=\count321
\footinscopyrightpermission=\insert250
\c@footnotecopyrightpermission=\count322

(C:\Users\m50057897\AppData\Local\Programs\MiKTeX\tex/generic/pdftex\glyphtouni
code.tex)
(C:\Users\m50057897\AppData\Local\Programs\MiKTeX\tex/latex/cmap\cmap.sty
Package: cmap 2021/02/06 v1.0j CMap support: searchable PDF
)
(C:\Users\m50057897\AppData\Local\Programs\MiKTeX\tex/latex/base\fontenc.sty
Package: fontenc 2025/07/18 v2.1d Standard LaTeX package
<<t1.cmap>>)
(C:\Users\m50057897\AppData\Local\Programs\MiKTeX\tex/latex/libertine\libertine
.sty
Package: libertine 2024/04/23 (Bob Tennent) Supports Libertine and Biolinum fon
ts for all LaTeX engines.

(C:\Users\m50057897\AppData\Local\Programs\MiKTeX\tex/generic/iftex\ifxetex.sty
Package: ifxetex 2019/10/25 v0.7 ifxetex legacy package. Use iftex instead.
) (C:\Users\m50057897\AppData\Local\Programs\MiKTeX\tex/latex/base\textcomp.sty
Package: textcomp 2024/04/24 v2.1b Standard LaTeX package
) (C:\Users\m50057897\AppData\Local\Programs\MiKTeX\tex/latex/base\fontenc.sty
Package: fontenc 2025/07/18 v2.1d Standard LaTeX package
)
(C:\Users\m50057897\AppData\Local\Programs\MiKTeX\tex/latex/fontaxes\fontaxes.s
ty
Package: fontaxes 2026-01-02 v2.0.2 Font selection axes (deprecated)
Applying: [2024-11-01] Use figureversions if present on input line 74.

(C:\Users\m50057897\AppData\Local\Programs\MiKTeX\tex/latex/figureversions\figu
reversions.sty
Package: figureversions 2025-04-29 v1.0.1 Figure versions
)
Already applied: [0000-00-00] Fall back to v1 on input line 76.
)
LaTeX Info: Redefining \oldstylenums on input line 485.

(C:\Users\m50057897\AppData\Local\Programs\MiKTeX\tex/latex/libertine\LinLibert
ine_I.tex))
(C:\Users\m50057897\AppData\Local\Programs\MiKTeX\tex/latex/inconsolata\zi4.sty
Package: zi4 2019/05/17 v1.12
`inconsolata-zi4' v1.12, 2019/05/17 Text macros for Inconsolata (msharpe)
\zifour@ocount=\count323
)
(C:\Users\m50057897\AppData\Local\Programs\MiKTeX\tex/latex/newtx\newtxmath.sty
Package: newtxmath 2024/09/22 v1.754

`newtxmath' v1.754, 2024/09/22 Math macros based originally on txfonts (msharpe
)
(C:\Users\m50057897\AppData\Local\Programs\MiKTeX\tex/latex/oberdiek\centernot.
sty
Package: centernot 2016/05/16 v1.4 Centers the not symbol horizontally (HO)
)
\tx@cntz=\count324

(C:\Users\m50057897\AppData\Local\Programs\MiKTeX\tex/generic/binhex\binhex.tex
)
\tx@Isdigit=\count325
\tx@IsAlNum=\count326
\tx@tA=\toks34
\tx@tB=\toks35
\tx@su=\read2

amsthm NOT loaded
LaTeX Font Info:    Redeclaring symbol font `operators' on input line 402.
LaTeX Font Info:    Overwriting symbol font `operators' in version `normal'
(Font)                  OT1/cmr/m/n --> OT1/LinuxLibertineT-TLF/m/n on input li
ne 402.
LaTeX Font Info:    Overwriting symbol font `operators' in version `bold'
(Font)                  OT1/cmr/bx/n --> OT1/LinuxLibertineT-TLF/m/n on input l
ine 402.
LaTeX Font Info:    Overwriting symbol font `operators' in version `bold'
(Font)                  OT1/LinuxLibertineT-TLF/m/n --> OT1/LinuxLibertineT-TLF
/sb/n on input line 403.
LaTeX Font Info:    Redeclaring math alphabet \mathsf on input line 410.
LaTeX Font Info:    Overwriting math alphabet `\mathsf' in version `normal'
(Font)                  OT1/cmss/m/n --> OT1/LinuxBiolinumT-TLF/m/n on input li
ne 410.
LaTeX Font Info:    Overwriting math alphabet `\mathsf' in version `bold'
(Font)                  OT1/cmss/bx/n --> OT1/LinuxBiolinumT-TLF/m/n on input l
ine 410.
LaTeX Font Info:    Overwriting math alphabet `\mathsf' in version `bold'
(Font)                  OT1/LinuxBiolinumT-TLF/m/n --> OT1/LinuxBiolinumT-TLF/b
/n on input line 412.
LaTeX Font Info:    Redeclaring math alphabet \mathit on input line 419.
LaTeX Font Info:    Overwriting math alphabet `\mathit' in version `normal'
(Font)                  OT1/cmr/m/it --> OT1/LinuxLibertineT-TLF/m/it on input 
line 419.
LaTeX Font Info:    Overwriting math alphabet `\mathit' in version `bold'
(Font)                  OT1/cmr/bx/it --> OT1/LinuxLibertineT-TLF/m/it on input
 line 419.
LaTeX Font Info:    Redeclaring math alphabet \mathtt on input line 420.
LaTeX Font Info:    Overwriting math alphabet `\mathtt' in version `normal'
(Font)                  OT1/cmtt/m/n --> T1/zi4/m/n on input line 420.
LaTeX Font Info:    Overwriting math alphabet `\mathtt' in version `bold'
(Font)                  OT1/cmtt/m/n --> T1/zi4/m/n on input line 420.
LaTeX Font Info:    Redeclaring math alphabet \mathbf on input line 422.
LaTeX Font Info:    Overwriting math alphabet `\mathbf' in version `normal'
(Font)                  OT1/cmr/bx/n --> OT1/LinuxLibertineT-TLF/sb/n on input 
line 422.
LaTeX Font Info:    Overwriting math alphabet `\mathbf' in version `bold'
(Font)                  OT1/cmr/bx/n --> OT1/LinuxLibertineT-TLF/sb/n on input 
line 422.
LaTeX Font Info:    Overwriting math alphabet `\mathit' in version `bold'
(Font)                  OT1/LinuxLibertineT-TLF/m/it --> OT1/LinuxLibertineT-TL
F/sb/it on input line 423.
LaTeX Font Info:    Overwriting math alphabet `\mathtt' in version `bold'
(Font)                  T1/zi4/m/n --> T1/zi4/b/n on input line 426.
LaTeX Font Info:    Redeclaring symbol font `letters' on input line 444.
LaTeX Font Info:    Overwriting symbol font `letters' in version `normal'
(Font)                  OML/cmm/m/it --> OML/nxlmi/m/it on input line 444.
LaTeX Font Info:    Overwriting symbol font `letters' in version `bold'
(Font)                  OML/cmm/b/it --> OML/nxlmi/m/it on input line 444.
LaTeX Font Info:    Overwriting symbol font `letters' in version `bold'
(Font)                  OML/nxlmi/m/it --> OML/nxlmi/b/it on input line 445.
\symlettersA=\mathgroup6
LaTeX Font Info:    Overwriting symbol font `lettersA' in version `bold'
(Font)                  U/ntxmia/m/it --> U/ntxmia/b/it on input line 582.
LaTeX Font Info:    Redeclaring math alphabet \mathfrak on input line 584.
Now handling font encoding LMS ...
... no UTF-8 mapping file for font encoding LMS
LaTeX Font Info:    Redeclaring symbol font `symbols' on input line 604.
LaTeX Font Info:    Encoding `OMS' has changed to `LMS' for symbol font
(Font)              `symbols' in the math version `normal' on input line 604.
LaTeX Font Info:    Overwriting symbol font `symbols' in version `normal'
(Font)                  OMS/cmsy/m/n --> LMS/ntxsy/m/n on input line 604.
LaTeX Font Info:    Encoding `OMS' has changed to `LMS' for symbol font
(Font)              `symbols' in the math version `bold' on input line 604.
LaTeX Font Info:    Overwriting symbol font `symbols' in version `bold'
(Font)                  OMS/cmsy/b/n --> LMS/ntxsy/m/n on input line 604.
LaTeX Font Info:    Overwriting symbol font `symbols' in version `bold'
(Font)                  LMS/ntxsy/m/n --> LMS/ntxsy/b/n on input line 605.
\symAMSm=\mathgroup7
LaTeX Font Info:    Overwriting symbol font `AMSm' in version `bold'
(Font)                  U/ntxsym/m/n --> U/ntxsym/b/n on input line 630.
\symsymbolsC=\mathgroup8
LaTeX Font Info:    Overwriting symbol font `symbolsC' in version `bold'
(Font)                  U/ntxsyc/m/n --> U/ntxsyc/b/n on input line 651.
Now handling font encoding LMX ...
... no UTF-8 mapping file for font encoding LMX
LaTeX Font Info:    Redeclaring symbol font `largesymbols' on input line 664.
LaTeX Font Info:    Encoding `OMX' has changed to `LMX' for symbol font
(Font)              `largesymbols' in the math version `normal' on input line 6
64.
LaTeX Font Info:    Overwriting symbol font `largesymbols' in version `normal'
(Font)                  OMX/cmex/m/n --> LMX/ntxexx/m/n on input line 664.
LaTeX Font Info:    Encoding `OMX' has changed to `LMX' for symbol font
(Font)              `largesymbols' in the math version `bold' on input line 664
.
LaTeX Font Info:    Overwriting symbol font `largesymbols' in version `bold'
(Font)                  OMX/cmex/m/n --> LMX/ntxexx/m/n on input line 664.
LaTeX Font Info:    Overwriting symbol font `largesymbols' in version `bold'
(Font)                  LMX/ntxexx/m/n --> LMX/ntxexx/b/n on input line 665.
\symlargesymbolsTXA=\mathgroup9
LaTeX Font Info:    Overwriting symbol font `largesymbolsTXA' in version `bold'

(Font)                  U/ntxexa/m/n --> U/ntxexa/b/n on input line 679.
\tx@sbptoks=\toks36
LaTeX Font Info:    Redeclaring math delimiter \lfloor on input line 902.
LaTeX Font Info:    Redeclaring math delimiter \rfloor on input line 903.
LaTeX Font Info:    Redeclaring math delimiter \lceil on input line 904.
LaTeX Font Info:    Redeclaring math delimiter \rceil on input line 905.
LaTeX Font Info:    Redeclaring math delimiter \lbrace on input line 910.
LaTeX Font Info:    Redeclaring math delimiter \rbrace on input line 911.
LaTeX Font Info:    Redeclaring math delimiter \langle on input line 913.
LaTeX Font Info:    Redeclaring math delimiter \rangle on input line 915.
LaTeX Font Info:    Redeclaring math delimiter \arrowvert on input line 919.
LaTeX Font Info:    Redeclaring math delimiter \vert on input line 920.
LaTeX Font Info:    Redeclaring math accent \dot on input line 991.
LaTeX Font Info:    Redeclaring math accent \ddot on input line 992.
LaTeX Font Info:    Redeclaring math accent \vec on input line 2057.
LaTeX Info: Redefining \Bbbk on input line 2847.
LaTeX Info: Redefining \not on input line 2995.
LaTeX Info: Redefining \textsquare on input line 3025.
LaTeX Info: Redefining \openbox on input line 3027.
)
(C:\Users\m50057897\AppData\Local\Programs\MiKTeX\tex/latex/caption\caption.sty
Package: caption 2023/08/05 v3.6o Customizing captions (AR)

(C:\Users\m50057897\AppData\Local\Programs\MiKTeX\tex/latex/caption\caption3.st
y
Package: caption3 2023/07/31 v2.4d caption3 kernel (AR)
\caption@tempdima=\dimen190
\captionmargin=\dimen191
\caption@leftmargin=\dimen192
\caption@rightmargin=\dimen193
\caption@width=\dimen194
\caption@indent=\dimen195
\caption@parindent=\dimen196
\caption@hangindent=\dimen197
Package caption Info: AMS or SMF document class detected.

(C:\Users\m50057897\AppData\Local\Programs\MiKTeX\tex/latex/caption\caption-ams
-smf.sto
File: caption-ams-smf.sto 2020/08/22 v2.0 Adaption of the caption package to th
e AMS and SMF document classes (AR)
))
\c@caption@flags=\count327
\c@continuedfloat=\count328
Package caption Info: hyperref package is loaded.
)
(C:\Users\m50057897\AppData\Local\Programs\MiKTeX\tex/latex/float\float.sty
Package: float 2001/11/08 v1.3d Float enhancements (AL)
\c@float@type=\count329
\float@exts=\toks37
\float@box=\box57
\@float@everytoks=\toks38
\@floatcapt=\box58
)
\@float@every@sidebar=\toks39
\c@sidebar=\count330
\fulltextwidth=\dimen198
\@ACM@labelwidth=\dimen199
\listisep=\skip63
\num@authorgroups=\count331
\num@authors=\count332
\@ACM@badge@width=\skip64
\@ACM@title@width=\skip65
\@ACM@badge@skip=\skip66
Class acmart Info: Printing CCS on input line 1848.
Class acmart Info: Printing bibformat on input line 1848.
Class acmart Info: Suppressing folios on input line 1855.
Class acmart Info: Setting authorsperrow to 0 on input line 1858.

(C:\Users\m50057897\AppData\Local\Programs\MiKTeX\tex/latex/comment\comment.sty
\CommentStream=\write3
Excluding comment 'comment') Excluding comment 'CCSXML'
\c@@concepts=\count333
\mktitle@bx=\box59
\@ACM@acmcpbox=\box60
\@ACM@commabox=\box61
\author@bx=\box62
\author@bx@wd=\dimen256
\author@bx@sep=\skip67

(C:\Users\m50057897\AppData\Local\Programs\MiKTeX\tex/latex/fancyhdr\fancyhdr.s
ty
Package: fancyhdr 2025/02/07 v5.2 Extensive control of page headers and footers

\f@nch@headwidth=\skip68
\f@nch@offset@elh=\skip69
\f@nch@offset@erh=\skip70
\f@nch@offset@olh=\skip71
\f@nch@offset@orh=\skip72
\f@nch@offset@elf=\skip73
\f@nch@offset@erf=\skip74
\f@nch@offset@olf=\skip75
\f@nch@offset@orf=\skip76
\f@nch@height=\skip77
\f@nch@footalignment=\skip78
\f@nch@widthL=\skip79
\f@nch@widthC=\skip80
\f@nch@widthR=\skip81
\@temptokenb=\toks40
)
\ACM@linecount@bx=\box63
\ACM@linecount@bxht=\skip82
\ACM@linecount=\count334
 Special comment 'acks'
LaTeX Font Info:    Trying to load font information for T1+LinuxLibertineT-TLF 
on input line 3652.

(C:\Users\m50057897\AppData\Local\Programs\MiKTeX\tex/latex/libertine\t1linuxli
bertinet-tlf.fd
File: T1LinuxLibertineT-TLF.fd 2017/03/20 (autoinst) Font definitions for T1/Li
nuxLibertineT-TLF.
)
LaTeX Font Info:    Font shape `T1/LinuxLibertineT-TLF/m/n' will be
(Font)              scaled to size 9.0pt on input line 3652.
)
(C:\Users\m50057897\AppData\Local\Programs\MiKTeX\tex/latex/algorithm2e\algorit
hm2e.sty
Package: algorithm2e 2017/07/18 v5.2 algorithms environments
\c@AlgoLine=\count335
\algocf@hangindent=\skip83

(C:\Users\m50057897\AppData\Local\Programs\MiKTeX\tex/latex/ifoddpage\ifoddpage
.sty
Package: ifoddpage 2022/10/18 v1.2 Conditionals for odd/even page detection
\c@checkoddpage=\count336
)
(C:\Users\m50057897\AppData\Local\Programs\MiKTeX\tex/latex/tools\xspace.sty
Package: xspace 2014/10/28 v1.13 Space after command names (DPC,MH)
)
(C:\Users\m50057897\AppData\Local\Programs\MiKTeX\tex/latex/relsize\relsize.sty
Package: relsize 2013/03/29 ver 4.1
LaTeX Info: Redefining \larger on input line 150.
LaTeX Info: Redefining \smaller on input line 151.
)
\skiptotal=\skip84
\skiplinenumber=\skip85
\skiprule=\skip86
\skiphlne=\skip87
\skiptext=\skip88
\skiplength=\skip89
\algomargin=\skip90
\skipalgocfslide=\skip91
\algowidth=\dimen257
\inoutsize=\dimen258
\inoutindent=\dimen259
\interspacetitleruled=\dimen260
\interspacealgoruled=\dimen261
\interspacetitleboxruled=\dimen262
\algocf@ruledwidth=\skip92
\algocf@inoutbox=\box64
\algocf@inputbox=\box65
\AlCapSkip=\skip93
\AlCapHSkip=\skip94
\algoskipindent=\skip95
\algocf@nlbox=\box66
\algocf@hangingbox=\box67
\algocf@untilbox=\box68
\algocf@skipuntil=\skip96
\algocf@capbox=\box69
\algocf@lcaptionbox=\skip97
\algoheightruledefault=\skip98
\algoheightrule=\skip99
\algotitleheightruledefault=\skip100
\algotitleheightrule=\skip101
\c@algocfline=\count337
\c@algocfproc=\count338
\c@algocf=\count339
\algocf@algoframe=\box70
\algocf@algobox=\box71
) (C:\Users\m50057897\AppData\Local\Programs\MiKTeX\tex/generic/soul\soul.sty
Package: soul 2026-03-06 v3.2 Permit use of UTF-8 characters in soul (HO)

(C:\Users\m50057897\AppData\Local\Programs\MiKTeX\tex/generic/soul\soul-ori.sty
Package: soul-ori 2026-03-06 v3.2 letterspacing/underlining (mf)
\SOUL@word=\toks41
\SOUL@lasttoken=\toks42
\SOUL@syllable=\toks43
\SOUL@cmds=\toks44
\SOUL@buffer=\toks45
\SOUL@token=\toks46
\SOUL@syllgoal=\dimen263
\SOUL@syllwidth=\dimen264
\SOUL@charkern=\dimen265
\SOUL@hyphkern=\dimen266
\SOUL@dimen=\dimen267
\SOUL@dimeni=\dimen268
\SOUL@minus=\count340
\SOUL@comma=\count341
\SOUL@apo=\count342
\SOUL@grave=\count343
\SOUL@spaceskip=\skip102
\SOUL@ttwidth=\dimen269
\SOUL@uldp=\dimen270
\SOUL@ulht=\dimen271
)
(C:\Users\m50057897\AppData\Local\Programs\MiKTeX\tex/generic/etexcmds\etexcmds
.sty
Package: etexcmds 2019/12/15 v1.7 Avoid name clashes with e-TeX commands (HO)
))
(C:\Users\m50057897\AppData\Local\Programs\MiKTeX\tex/latex/listings\listings.s
ty
\lst@mode=\count344
\lst@gtempboxa=\box72
\lst@token=\toks47
\lst@length=\count345
\lst@currlwidth=\dimen272
\lst@column=\count346
\lst@pos=\count347
\lst@lostspace=\dimen273
\lst@width=\dimen274
\lst@newlines=\count348
\lst@lineno=\count349
\lst@maxwidth=\dimen275

(C:\Users\m50057897\AppData\Local\Programs\MiKTeX\tex/latex/listings\lstpatch.s
ty
File: lstpatch.sty 2025/11/14 1.11b (Carsten Heinz)
)
(C:\Users\m50057897\AppData\Local\Programs\MiKTeX\tex/latex/listings\lstmisc.st
y
File: lstmisc.sty 2025/11/14 1.11b (Carsten Heinz)
\c@lstnumber=\count350
\lst@skipnumbers=\count351
\lst@framebox=\box73
)
(C:\Users\m50057897\AppData\Local\Programs\MiKTeX\tex/latex/listings\listings.c
fg
File: listings.cfg 2025/11/14 1.11b listings configuration
))
Package: listings 2025/11/14 1.11b (Carsten Heinz)

==> First Aid for listings.sty no longer applied!
    Expected:
        2024/09/23 1.10c (Carsten Heinz)
    but found:
        2025/11/14 1.11b (Carsten Heinz)
    so I'm assuming it got fixed.
(xurl.sty
Package: xurl 2022/01/09 v 0.10 modify URL breaks
)
(C:\Users\m50057897\AppData\Local\Programs\MiKTeX\tex/latex/multirow\multirow.s
ty
Package: multirow 2024/11/12 v2.9 Span multiple rows of a table
\multirow@colwidth=\skip103
\multirow@cntb=\count352
\multirow@dima=\skip104
\bigstrutjot=\dimen276
)
(C:\Users\m50057897\AppData\Local\Programs\MiKTeX\tex/latex/colortbl\colortbl.s
ty
Package: colortbl 2026/05/01 v1.0l Color table columns (DPC)
 (C:\Users\m50057897\AppData\Local\Programs\MiKTeX\tex/latex/tools\array.sty
Package: array 2025/09/25 v2.6n Tabular extension package (FMi)
\col@sep=\dimen277
\ar@mcellbox=\box74
\extrarowheight=\dimen278
\NC@list=\toks48
\extratabsurround=\skip105
\backup@length=\skip106
\ar@cellbox=\box75
)
\everycr=\toks49
\minrowclearance=\skip107
\rownum=\count353
)
(C:\Users\m50057897\AppData\Local\Programs\MiKTeX\tex/latex/makecell\makecell.s
ty
Package: makecell 2009/08/03 V0.1e Managing of Tab Column Heads and Cells
\rotheadsize=\dimen279
\c@nlinenum=\count354
\TeXr@lab=\toks50
)
(C:\Users\m50057897\AppData\Local\Programs\MiKTeX\tex/latex/adjustbox\adjustbox
.sty
Package: adjustbox 2025/02/26 v1.3c Adjusting TeX boxes (trim, clip, ...)

(C:\Users\m50057897\AppData\Local\Programs\MiKTeX\tex/latex/adjustbox\adjcalc.s
ty
Package: adjcalc 2012/05/16 v1.1 Provides advanced setlength with multiple back
-ends (calc, etex, pgfmath)
)
(C:\Users\m50057897\AppData\Local\Programs\MiKTeX\tex/latex/adjustbox\trimclip.
sty
Package: trimclip 2025/02/21 v1.2a Trim and clip general TeX material

(C:\Users\m50057897\AppData\Local\Programs\MiKTeX\tex/latex/collectbox\collectb
ox.sty
Package: collectbox 2022/10/17 v0.4c Collect macro arguments as boxes
\collectedbox=\box76
)
\tc@llx=\dimen280
\tc@lly=\dimen281
\tc@urx=\dimen282
\tc@ury=\dimen283
Package trimclip Info: Using driver 'tc-pdftex.def'.

(C:\Users\m50057897\AppData\Local\Programs\MiKTeX\tex/latex/adjustbox\tc-pdftex
.def
File: tc-pdftex.def 2025/02/26 v2.3 Clipping driver for pdftex
))
\adjbox@Width=\dimen284
\adjbox@Height=\dimen285
\adjbox@Depth=\dimen286
\adjbox@Totalheight=\dimen287
\adjbox@pwidth=\dimen288
\adjbox@pheight=\dimen289
\adjbox@pdepth=\dimen290
\adjbox@ptotalheight=\dimen291

(C:\Users\m50057897\AppData\Local\Programs\MiKTeX\tex/latex/varwidth\varwidth.s
ty
Package: varwidth 2009/03/30 ver 0.92;  Variable-width minipages
\@vwid@box=\box77
\sift@deathcycles=\count355
\@vwid@loff=\dimen292
\@vwid@roff=\dimen293
)
==> First Aid for varwidth.sty applied!
)
(C:\Users\m50057897\AppData\Local\Programs\MiKTeX\tex/latex/hyphenat\hyphenat.s
ty
Package: hyphenat 2009/09/02 v2.3c hyphenation utilities
\langwohyphens=\language79
LaTeX Info: Redefining \_ on input line 43.
)
(C:\Users\m50057897\AppData\Local\Programs\MiKTeX\tex/latex/seqsplit\seqsplit.s
ty
Package: seqsplit 2006/08/07 v0.1 Splitting long sequences (DNA, RNA, proteins,
 etc.) 
)
(C:\Users\m50057897\AppData\Local\Programs\MiKTeX\tex/latex/tools\tabularx.sty
Package: tabularx 2023/12/11 v2.12a `tabularx' package (DPC)
\TX@col@width=\dimen294
\TX@old@table=\dimen295
\TX@old@col=\dimen296
\TX@target=\dimen297
\TX@delta=\dimen298
\TX@cols=\count356
\TX@ftn=\toks51
)
(C:\Users\m50057897\AppData\Local\Programs\MiKTeX\tex/latex/diagbox\diagbox.sty
Package: diagbox 2020/02/09 v2.3 Making table heads with diagonal lines
(C:\Users\m50057897\AppData\Local\Programs\MiKTeX\tex/latex/pict2e\pict2e.sty
Package: pict2e 2020/09/30 v0.4b Improved picture commands (HjG,RN,JT)

(C:\Users\m50057897\AppData\Local\Programs\MiKTeX\tex/latex/pict2e\pict2e.cfg
File: pict2e.cfg 2016/02/05 v0.1u pict2e configuration for teTeX/TeXLive
)
Package pict2e Info: Driver file: pdftex.def on input line 112.
Package pict2e Info: Driver file for pict2e: p2e-pdftex.def on input line 114.

(C:\Users\m50057897\AppData\Local\Programs\MiKTeX\tex/latex/pict2e\p2e-pdftex.d
ef
File: p2e-pdftex.def 2016/02/05 v0.1u Driver-dependant file (RN,HjG,JT)
)
\pIIe@GRAPH=\toks52
\@arclen=\dimen299
\@arcrad=\dimen300
\pIIe@tempdima=\dimen301
\pIIe@tempdimb=\dimen302
\pIIe@tempdimc=\dimen303
\pIIe@tempdimd=\dimen304
\pIIe@tempdime=\dimen305
\pIIe@tempdimf=\dimen306
) (C:\Users\m50057897\AppData\Local\Programs\MiKTeX\tex/latex/tools\calc.sty
Package: calc 2025/03/01 v4.3b Infix arithmetic (KKT,FJ)
\calc@Acount=\count357
\calc@Bcount=\count358
\calc@Adimen=\dimen307
\calc@Bdimen=\dimen308
\calc@Askip=\skip108
\calc@Bskip=\skip109
LaTeX Info: Redefining \setlength on input line 86.
LaTeX Info: Redefining \addtolength on input line 87.
\calc@Ccount=\count359
\calc@Cskip=\skip110
)
\diagbox@boxa=\box78
\diagbox@boxb=\box79
\diagbox@boxm=\box80
\diagbox@wd=\dimen309
\diagbox@ht=\dimen310
\diagbox@insepl=\dimen311
\diagbox@insepr=\dimen312
\diagbox@outsepl=\dimen313
\diagbox@outsepr=\dimen314
)
(C:\Users\m50057897\AppData\Local\Programs\MiKTeX\tex/latex/tools\verbatim.sty
Package: verbatim 2024-01-22 v1.5x LaTeX2e package for verbatim enhancements
\every@verbatim=\toks53
\verbatim@line=\toks54
\verbatim@in@stream=\read3
) (C:\Users\m50057897\AppData\Local\Programs\MiKTeX\tex/latex/psnfss\pifont.sty
Package: pifont 2020/03/25 PSNFSS-v9.3 Pi font support (SPQR) 
LaTeX Font Info:    Trying to load font information for U+pzd on input line 63.


(C:\Users\m50057897\AppData\Local\Programs\MiKTeX\tex/latex/psnfss\upzd.fd
File: upzd.fd 2001/06/04 font definitions for U/pzd.
)
LaTeX Font Info:    Trying to load font information for U+psy on input line 64.


(C:\Users\m50057897\AppData\Local\Programs\MiKTeX\tex/latex/psnfss\upsy.fd
File: upsy.fd 2001/06/04 font definitions for U/psy.
))
(C:\Users\m50057897\AppData\Local\Programs\MiKTeX\tex/latex/tcolorbox\tcolorbox
.sty
Package: tcolorbox 2025/11/28 version 6.9.0 text color boxes

(C:\Users\m50057897\AppData\Local\Programs\MiKTeX\tex/latex/pgf/frontendlayer\t
ikz.sty
(C:\Users\m50057897\AppData\Local\Programs\MiKTeX\tex/latex/pgf/basiclayer\pgf.
sty
(C:\Users\m50057897\AppData\Local\Programs\MiKTeX\tex/latex/pgf/utilities\pgfrc
s.sty
(C:\Users\m50057897\AppData\Local\Programs\MiKTeX\tex/generic/pgf/utilities\pgf
util-common.tex
\pgfutil@everybye=\toks55
\pgfutil@tempdima=\dimen315
\pgfutil@tempdimb=\dimen316
)
(C:\Users\m50057897\AppData\Local\Programs\MiKTeX\tex/generic/pgf/utilities\pgf
util-latex.def
\pgfutil@abb=\box81
)
(C:\Users\m50057897\AppData\Local\Programs\MiKTeX\tex/generic/pgf/utilities\pgf
rcs.code.tex
(C:\Users\m50057897\AppData\Local\Programs\MiKTeX\tex/generic/pgf\pgf.revision.
tex)
Package: pgfrcs 2025-08-29 v3.1.11a (3.1.11a)
))
Package: pgf 2025-08-29 v3.1.11a (3.1.11a)

(C:\Users\m50057897\AppData\Local\Programs\MiKTeX\tex/latex/pgf/basiclayer\pgfc
ore.sty
(C:\Users\m50057897\AppData\Local\Programs\MiKTeX\tex/latex/pgf/systemlayer\pgf
sys.sty
(C:\Users\m50057897\AppData\Local\Programs\MiKTeX\tex/generic/pgf/systemlayer\p
gfsys.code.tex
Package: pgfsys 2025-08-29 v3.1.11a (3.1.11a)

(C:\Users\m50057897\AppData\Local\Programs\MiKTeX\tex/generic/pgf/utilities\pgf
keys.code.tex
\pgfkeys@pathtoks=\toks56
\pgfkeys@temptoks=\toks57

(C:\Users\m50057897\AppData\Local\Programs\MiKTeX\tex/generic/pgf/utilities\pgf
keyslibraryfiltered.code.tex
\pgfkeys@tmptoks=\toks58
))
\pgf@x=\dimen317
\pgf@y=\dimen318
\pgf@xa=\dimen319
\pgf@ya=\dimen320
\pgf@xb=\dimen321
\pgf@yb=\dimen322
\pgf@xc=\dimen323
\pgf@yc=\dimen324
\pgf@xd=\dimen325
\pgf@yd=\dimen326
\w@pgf@writea=\write4
\r@pgf@reada=\read4
\c@pgf@counta=\count360
\c@pgf@countb=\count361
\c@pgf@countc=\count362
\c@pgf@countd=\count363
\t@pgf@toka=\toks59
\t@pgf@tokb=\toks60
\t@pgf@tokc=\toks61
\pgf@sys@id@count=\count364

(C:\Users\m50057897\AppData\Local\Programs\MiKTeX\tex/generic/pgf/systemlayer\p
gf.cfg
File: pgf.cfg 2025-08-29 v3.1.11a (3.1.11a)
)
Driver file for pgf: pgfsys-pdftex.def

(C:\Users\m50057897\AppData\Local\Programs\MiKTeX\tex/generic/pgf/systemlayer\p
gfsys-pdftex.def
File: pgfsys-pdftex.def 2025-08-29 v3.1.11a (3.1.11a)

(C:\Users\m50057897\AppData\Local\Programs\MiKTeX\tex/generic/pgf/systemlayer\p
gfsys-common-pdf.def
File: pgfsys-common-pdf.def 2025-08-29 v3.1.11a (3.1.11a)
)))
(C:\Users\m50057897\AppData\Local\Programs\MiKTeX\tex/generic/pgf/systemlayer\p
gfsyssoftpath.code.tex
File: pgfsyssoftpath.code.tex 2025-08-29 v3.1.11a (3.1.11a)
\pgfsyssoftpath@smallbuffer@items=\count365
\pgfsyssoftpath@bigbuffer@items=\count366
)
(C:\Users\m50057897\AppData\Local\Programs\MiKTeX\tex/generic/pgf/systemlayer\p
gfsysprotocol.code.tex
File: pgfsysprotocol.code.tex 2025-08-29 v3.1.11a (3.1.11a)
))
(C:\Users\m50057897\AppData\Local\Programs\MiKTeX\tex/generic/pgf/basiclayer\pg
fcore.code.tex
Package: pgfcore 2025-08-29 v3.1.11a (3.1.11a)

(C:\Users\m50057897\AppData\Local\Programs\MiKTeX\tex/generic/pgf/math\pgfmath.
code.tex
(C:\Users\m50057897\AppData\Local\Programs\MiKTeX\tex/generic/pgf/math\pgfmathu
til.code.tex)
(C:\Users\m50057897\AppData\Local\Programs\MiKTeX\tex/generic/pgf/math\pgfmathp
arser.code.tex
\pgfmath@dimen=\dimen327
\pgfmath@count=\count367
\pgfmath@box=\box82
\pgfmath@toks=\toks62
\pgfmath@stack@operand=\toks63
\pgfmath@stack@operation=\toks64
)
(C:\Users\m50057897\AppData\Local\Programs\MiKTeX\tex/generic/pgf/math\pgfmathf
unctions.code.tex)
(C:\Users\m50057897\AppData\Local\Programs\MiKTeX\tex/generic/pgf/math\pgfmathf
unctions.basic.code.tex)
(C:\Users\m50057897\AppData\Local\Programs\MiKTeX\tex/generic/pgf/math\pgfmathf
unctions.trigonometric.code.tex)
(C:\Users\m50057897\AppData\Local\Programs\MiKTeX\tex/generic/pgf/math\pgfmathf
unctions.random.code.tex)
(C:\Users\m50057897\AppData\Local\Programs\MiKTeX\tex/generic/pgf/math\pgfmathf
unctions.comparison.code.tex)
(C:\Users\m50057897\AppData\Local\Programs\MiKTeX\tex/generic/pgf/math\pgfmathf
unctions.base.code.tex)
(C:\Users\m50057897\AppData\Local\Programs\MiKTeX\tex/generic/pgf/math\pgfmathf
unctions.round.code.tex)
(C:\Users\m50057897\AppData\Local\Programs\MiKTeX\tex/generic/pgf/math\pgfmathf
unctions.misc.code.tex)
(C:\Users\m50057897\AppData\Local\Programs\MiKTeX\tex/generic/pgf/math\pgfmathf
unctions.integerarithmetics.code.tex)
(C:\Users\m50057897\AppData\Local\Programs\MiKTeX\tex/generic/pgf/math\pgfmathc
alc.code.tex)
(C:\Users\m50057897\AppData\Local\Programs\MiKTeX\tex/generic/pgf/math\pgfmathf
loat.code.tex
\c@pgfmathroundto@lastzeros=\count368
))
(C:\Users\m50057897\AppData\Local\Programs\MiKTeX\tex/generic/pgf/math\pgfint.c
ode.tex)
(C:\Users\m50057897\AppData\Local\Programs\MiKTeX\tex/generic/pgf/basiclayer\pg
fcorepoints.code.tex
File: pgfcorepoints.code.tex 2025-08-29 v3.1.11a (3.1.11a)
\pgf@picminx=\dimen328
\pgf@picmaxx=\dimen329
\pgf@picminy=\dimen330
\pgf@picmaxy=\dimen331
\pgf@pathminx=\dimen332
\pgf@pathmaxx=\dimen333
\pgf@pathminy=\dimen334
\pgf@pathmaxy=\dimen335
\pgf@xx=\dimen336
\pgf@xy=\dimen337
\pgf@yx=\dimen338
\pgf@yy=\dimen339
\pgf@zx=\dimen340
\pgf@zy=\dimen341
)
(C:\Users\m50057897\AppData\Local\Programs\MiKTeX\tex/generic/pgf/basiclayer\pg
fcorepathconstruct.code.tex
File: pgfcorepathconstruct.code.tex 2025-08-29 v3.1.11a (3.1.11a)
\pgf@path@lastx=\dimen342
\pgf@path@lasty=\dimen343
)
(C:\Users\m50057897\AppData\Local\Programs\MiKTeX\tex/generic/pgf/basiclayer\pg
fcorepathusage.code.tex
File: pgfcorepathusage.code.tex 2025-08-29 v3.1.11a (3.1.11a)
\pgf@shorten@end@additional=\dimen344
\pgf@shorten@start@additional=\dimen345
)
(C:\Users\m50057897\AppData\Local\Programs\MiKTeX\tex/generic/pgf/basiclayer\pg
fcorescopes.code.tex
File: pgfcorescopes.code.tex 2025-08-29 v3.1.11a (3.1.11a)
\pgfpic=\box83
\pgf@hbox=\box84
\pgf@layerbox@main=\box85
\pgf@picture@serial@count=\count369
)
(C:\Users\m50057897\AppData\Local\Programs\MiKTeX\tex/generic/pgf/basiclayer\pg
fcoregraphicstate.code.tex
File: pgfcoregraphicstate.code.tex 2025-08-29 v3.1.11a (3.1.11a)
\pgflinewidth=\dimen346
)
(C:\Users\m50057897\AppData\Local\Programs\MiKTeX\tex/generic/pgf/basiclayer\pg
fcoretransformations.code.tex
File: pgfcoretransformations.code.tex 2025-08-29 v3.1.11a (3.1.11a)
\pgf@pt@x=\dimen347
\pgf@pt@y=\dimen348
\pgf@pt@temp=\dimen349
)
(C:\Users\m50057897\AppData\Local\Programs\MiKTeX\tex/generic/pgf/basiclayer\pg
fcorequick.code.tex
File: pgfcorequick.code.tex 2025-08-29 v3.1.11a (3.1.11a)
)
(C:\Users\m50057897\AppData\Local\Programs\MiKTeX\tex/generic/pgf/basiclayer\pg
fcoreobjects.code.tex
File: pgfcoreobjects.code.tex 2025-08-29 v3.1.11a (3.1.11a)
)
(C:\Users\m50057897\AppData\Local\Programs\MiKTeX\tex/generic/pgf/basiclayer\pg
fcorepathprocessing.code.tex
File: pgfcorepathprocessing.code.tex 2025-08-29 v3.1.11a (3.1.11a)
)
(C:\Users\m50057897\AppData\Local\Programs\MiKTeX\tex/generic/pgf/basiclayer\pg
fcorearrows.code.tex
File: pgfcorearrows.code.tex 2025-08-29 v3.1.11a (3.1.11a)
\pgfarrowsep=\dimen350
)
(C:\Users\m50057897\AppData\Local\Programs\MiKTeX\tex/generic/pgf/basiclayer\pg
fcoreshade.code.tex
File: pgfcoreshade.code.tex 2025-08-29 v3.1.11a (3.1.11a)
\pgf@max=\dimen351
\pgf@sys@shading@range@num=\count370
\pgf@shadingcount=\count371
)
(C:\Users\m50057897\AppData\Local\Programs\MiKTeX\tex/generic/pgf/basiclayer\pg
fcoreimage.code.tex
File: pgfcoreimage.code.tex 2025-08-29 v3.1.11a (3.1.11a)
)
(C:\Users\m50057897\AppData\Local\Programs\MiKTeX\tex/generic/pgf/basiclayer\pg
fcoreexternal.code.tex
File: pgfcoreexternal.code.tex 2025-08-29 v3.1.11a (3.1.11a)
\pgfexternal@startupbox=\box86
)
(C:\Users\m50057897\AppData\Local\Programs\MiKTeX\tex/generic/pgf/basiclayer\pg
fcorelayers.code.tex
File: pgfcorelayers.code.tex 2025-08-29 v3.1.11a (3.1.11a)
)
(C:\Users\m50057897\AppData\Local\Programs\MiKTeX\tex/generic/pgf/basiclayer\pg
fcoretransparency.code.tex
File: pgfcoretransparency.code.tex 2025-08-29 v3.1.11a (3.1.11a)
)
(C:\Users\m50057897\AppData\Local\Programs\MiKTeX\tex/generic/pgf/basiclayer\pg
fcorepatterns.code.tex
File: pgfcorepatterns.code.tex 2025-08-29 v3.1.11a (3.1.11a)
)
(C:\Users\m50057897\AppData\Local\Programs\MiKTeX\tex/generic/pgf/basiclayer\pg
fcorerdf.code.tex
File: pgfcorerdf.code.tex 2025-08-29 v3.1.11a (3.1.11a)
)))
(C:\Users\m50057897\AppData\Local\Programs\MiKTeX\tex/generic/pgf/modules\pgfmo
duleshapes.code.tex
File: pgfmoduleshapes.code.tex 2025-08-29 v3.1.11a (3.1.11a)
\pgfnodeparttextbox=\box87
)
(C:\Users\m50057897\AppData\Local\Programs\MiKTeX\tex/generic/pgf/modules\pgfmo
duleplot.code.tex
File: pgfmoduleplot.code.tex 2025-08-29 v3.1.11a (3.1.11a)
)
(C:\Users\m50057897\AppData\Local\Programs\MiKTeX\tex/latex/pgf/compatibility\p
gfcomp-version-0-65.sty
Package: pgfcomp-version-0-65 2025-08-29 v3.1.11a (3.1.11a)
\pgf@nodesepstart=\dimen352
\pgf@nodesepend=\dimen353
)
(C:\Users\m50057897\AppData\Local\Programs\MiKTeX\tex/latex/pgf/compatibility\p
gfcomp-version-1-18.sty
Package: pgfcomp-version-1-18 2025-08-29 v3.1.11a (3.1.11a)
))
(C:\Users\m50057897\AppData\Local\Programs\MiKTeX\tex/latex/pgf/utilities\pgffo
r.sty
(C:\Users\m50057897\AppData\Local\Programs\MiKTeX\tex/latex/pgf/utilities\pgfke
ys.sty
(C:\Users\m50057897\AppData\Local\Programs\MiKTeX\tex/generic/pgf/utilities\pgf
keys.code.tex))
(C:\Users\m50057897\AppData\Local\Programs\MiKTeX\tex/latex/pgf/math\pgfmath.st
y
(C:\Users\m50057897\AppData\Local\Programs\MiKTeX\tex/generic/pgf/math\pgfmath.
code.tex))
(C:\Users\m50057897\AppData\Local\Programs\MiKTeX\tex/generic/pgf/utilities\pgf
for.code.tex
Package: pgffor 2025-08-29 v3.1.11a (3.1.11a)
\pgffor@iter=\dimen354
\pgffor@skip=\dimen355
\pgffor@stack=\toks65
\pgffor@toks=\toks66
))
(C:\Users\m50057897\AppData\Local\Programs\MiKTeX\tex/generic/pgf/frontendlayer
/tikz\tikz.code.tex
Package: tikz 2025-08-29 v3.1.11a (3.1.11a)

(C:\Users\m50057897\AppData\Local\Programs\MiKTeX\tex/generic/pgf/libraries\pgf
libraryplothandlers.code.tex
File: pgflibraryplothandlers.code.tex 2025-08-29 v3.1.11a (3.1.11a)
\pgf@plot@mark@count=\count372
\pgfplotmarksize=\dimen356
)
\tikz@lastx=\dimen357
\tikz@lasty=\dimen358
\tikz@lastxsaved=\dimen359
\tikz@lastysaved=\dimen360
\tikz@lastmovetox=\dimen361
\tikz@lastmovetoy=\dimen362
\tikzleveldistance=\dimen363
\tikzsiblingdistance=\dimen364
\tikz@figbox=\box88
\tikz@figbox@bg=\box89
\tikz@tempbox=\box90
\tikz@tempbox@bg=\box91
\tikztreelevel=\count373
\tikznumberofchildren=\count374
\tikznumberofcurrentchild=\count375
\tikz@fig@count=\count376

(C:\Users\m50057897\AppData\Local\Programs\MiKTeX\tex/generic/pgf/modules\pgfmo
dulematrix.code.tex
File: pgfmodulematrix.code.tex 2025-08-29 v3.1.11a (3.1.11a)
\pgfmatrixcurrentrow=\count377
\pgfmatrixcurrentcolumn=\count378
\pgf@matrix@numberofcolumns=\count379
)
\tikz@expandcount=\count380

(C:\Users\m50057897\AppData\Local\Programs\MiKTeX\tex/generic/pgf/frontendlayer
/tikz/libraries\tikzlibrarytopaths.code.tex
File: tikzlibrarytopaths.code.tex 2025-08-29 v3.1.11a (3.1.11a)
)))
\tcb@titlebox=\box92
\tcb@upperbox=\box93
\tcb@lowerbox=\box94
\tcb@phantombox=\box95
\c@tcbbreakpart=\count381
\c@tcblayer=\count382
\c@tcolorbox@number=\count383
\l__tcobox_tmpa_box=\box96
\l__tcobox_tmpa_dim=\dimen365
\tcb@temp=\box97
\tcb@temp=\box98
\tcb@temp=\box99
\tcb@temp=\box100
)
(C:\Users\m50057897\AppData\Local\Programs\MiKTeX\tex/latex/threeparttable\thre
eparttable.sty
Package: threeparttable 2003/06/13  v 3.0
\@tempboxb=\box101
)
(C:\Users\m50057897\AppData\Local\Programs\MiKTeX\tex/latex/siunitx\siunitx.sty
Package: siunitx 2026-05-15 v3.5.5 A comprehensive (SI) units package
\l__siunitx_number_uncert_offset_int=\count384
\l__siunitx_number_exponent_fixed_int=\count385
\l__siunitx_number_min_decimal_int=\count386
\l__siunitx_number_min_integer_int=\count387
\l__siunitx_number_round_precision_int=\count388
\l__siunitx_number_lower_threshold_int=\count389
\l__siunitx_number_upper_threshold_int=\count390
\l__siunitx_number_group_first_int=\count391
\l__siunitx_number_group_size_int=\count392
\l__siunitx_number_group_min_int=\count393
\l__siunitx_number_group_minimum_int=\count394
\l__siunitx_compound_count_int=\count395

(C:\Users\m50057897\AppData\Local\Programs\MiKTeX\tex/latex/translations\transl
ations.sty
Package: translations 2022/02/05 v1.12 internationalization of LaTeX2e packages
 (CN)
)
\l__siunitx_table_tmp_box=\box102
\l__siunitx_table_tmp_dim=\dimen366
\l__siunitx_table_column_width_dim=\dimen367
\l__siunitx_table_integer_box=\box103
\l__siunitx_table_decimal_box=\box104
\l__siunitx_table_uncert_box=\box105
\l__siunitx_table_before_box=\box106
\l__siunitx_table_after_box=\box107
\l__siunitx_table_before_dim=\dimen368
\l__siunitx_table_carry_dim=\dimen369
\l__siunitx_unit_tmp_int=\count396
\l__siunitx_unit_position_int=\count397
\l__siunitx_unit_total_int=\count398
\l__siunitx_sexagesimal_tmp_dim=\dimen370
\l__siunitx_sexagesimal_marker_box=\box108
\l__siunitx_sexagesimal_unit_box=\box109
)
(C:\Users\m50057897\AppData\Local\Programs\MiKTeX\tex/latex/paralist\paralist.s
ty
Package: paralist 2017/01/22 v2.7 Extended list environments
\pltopsep=\skip111
\plpartopsep=\skip112
\plitemsep=\skip113
\plparsep=\skip114
\pl@lab=\toks67
)
(C:\Users\m50057897\AppData\Local\Programs\MiKTeX\tex/generic/pgf/libraries\pgf
libraryarrows.meta.code.tex
File: pgflibraryarrows.meta.code.tex 2025-08-29 v3.1.11a (3.1.11a)
\pgfarrowinset=\dimen371
\pgfarrowlength=\dimen372
\pgfarrowwidth=\dimen373
\pgfarrowlinewidth=\dimen374
)
(C:\Users\m50057897\AppData\Local\Programs\MiKTeX\tex/generic/pgf/frontendlayer
/tikz/libraries\tikzlibrarypositioning.code.tex
File: tikzlibrarypositioning.code.tex 2025-08-29 v3.1.11a (3.1.11a)
)
(C:\Users\m50057897\AppData\Local\Programs\MiKTeX\tex/generic/pgf/frontendlayer
/tikz/libraries\tikzlibraryfit.code.tex
File: tikzlibraryfit.code.tex 2025-08-29 v3.1.11a (3.1.11a)
)
(C:\Users\m50057897\AppData\Local\Programs\MiKTeX\tex/generic/pgf/frontendlayer
/tikz/libraries\tikzlibrarycalc.code.tex
File: tikzlibrarycalc.code.tex 2025-08-29 v3.1.11a (3.1.11a)
)
(C:\Users\m50057897\AppData\Local\Programs\MiKTeX\tex/generic/pgf/frontendlayer
/tikz/libraries\tikzlibraryshapes.geometric.code.tex
File: tikzlibraryshapes.geometric.code.tex 2025-08-29 v3.1.11a (3.1.11a)

(C:\Users\m50057897\AppData\Local\Programs\MiKTeX\tex/generic/pgf/libraries/sha
pes\pgflibraryshapes.geometric.code.tex
File: pgflibraryshapes.geometric.code.tex 2025-08-29 v3.1.11a (3.1.11a)
))
(C:\Users\m50057897\AppData\Local\Programs\MiKTeX\tex/generic/pgf/frontendlayer
/tikz/libraries\tikzlibrarybackgrounds.code.tex
File: tikzlibrarybackgrounds.code.tex 2025-08-29 v3.1.11a (3.1.11a)
\pgf@layerbox@background=\box110
\pgf@layerboxsaved@background=\box111
)
Class acmart Info: Printing bibformat on input line 157.
Package hyperref Info: Option `pdfdisplaydoctitle' set `true' on input line 163
.
\c@theorem=\count399

(C:\Users\m50057897\AppData\Local\Programs\MiKTeX\tex/latex/preprint\balance.st
y
Package: balance 1999/02/23 4.3 (PWD)
\oldvsize=\dimen375
) Excluding comment 'screenonly' Include comment 'printonly'
Excluding comment 'anonsuppress' Excluding comment 'acks'
Package translations Info: No language package found. I am going to use `englis
h' as default language. on input line 163.

(C:\Users\m50057897\AppData\Local\Programs\MiKTeX\tex/latex/l3backend\l3backend
-pdftex.def
File: l3backend-pdftex.def 2025-10-09 L3 backend support: PDF output (pdfTeX)
\l__color_backend_stack_int=\count400
) (main.aux)
\openout1 = `main.aux'.

LaTeX Font Info:    Checking defaults for OML/nxlmi/m/it on input line 163.
LaTeX Font Info:    Trying to load font information for OML+nxlmi on input line
 163.

(C:\Users\m50057897\AppData\Local\Programs\MiKTeX\tex/latex/newtx\omlnxlmi.fd
File: omlnxlmi.fd 2013/11/19 Fontinst v1.933 font definitions for OML/nxlmi.
)
LaTeX Font Info:    ... okay on input line 163.
LaTeX Font Info:    Checking defaults for OMS/cmsy/m/n on input line 163.
LaTeX Font Info:    ... okay on input line 163.
LaTeX Font Info:    Checking defaults for OT1/cmr/m/n on input line 163.
LaTeX Font Info:    ... okay on input line 163.
LaTeX Font Info:    Checking defaults for T1/cmr/m/n on input line 163.
LaTeX Font Info:    ... okay on input line 163.
LaTeX Font Info:    Checking defaults for TS1/cmr/m/n on input line 163.
LaTeX Font Info:    ... okay on input line 163.
LaTeX Font Info:    Checking defaults for OMX/cmex/m/n on input line 163.
LaTeX Font Info:    ... okay on input line 163.
LaTeX Font Info:    Checking defaults for U/ntxexa/m/n on input line 163.
LaTeX Font Info:    Trying to load font information for U+ntxexa on input line 
163.

(C:\Users\m50057897\AppData\Local\Programs\MiKTeX\tex/latex/newtx\untxexa.fd
File: untxexa.fd 2012/04/16 Fontinst v1.933 font definitions for U/ntxexa.
)
LaTeX Font Info:    ... okay on input line 163.
LaTeX Font Info:    Checking defaults for PD1/pdf/m/n on input line 163.
LaTeX Font Info:    ... okay on input line 163.
LaTeX Font Info:    Checking defaults for PU/pdf/m/n on input line 163.
LaTeX Font Info:    ... okay on input line 163.
LaTeX Font Info:    Checking defaults for LMS/ntxsy/m/n on input line 163.
LaTeX Font Info:    Trying to load font information for LMS+ntxsy on input line
 163.

(C:\Users\m50057897\AppData\Local\Programs\MiKTeX\tex/latex/newtx\lmsntxsy.fd
File: lmsntxsy.fd 2016/07/02 Fontinst v1.933 font definitions for LMS/ntxsy.
)
LaTeX Font Info:    ... okay on input line 163.
LaTeX Font Info:    Checking defaults for LMX/ntxexx/m/n on input line 163.
LaTeX Font Info:    Trying to load font information for LMX+ntxexx on input lin
e 163.

(C:\Users\m50057897\AppData\Local\Programs\MiKTeX\tex/latex/newtx\lmxntxexx.fd
File: lmxntxexx.fd 2016/07/03 Fontinst v1.933 font definitions for LMX/ntxexx.
)
LaTeX Font Info:    ... okay on input line 163.
LaTeX Font Info:    Font shape `T1/LinuxLibertineT-TLF/m/n' will be
(Font)              scaled to size 7.0pt on input line 163.
LaTeX Font Info:    Trying to load font information for OT1+LinuxLibertineT-TLF
 on input line 163.

(C:\Users\m50057897\AppData\Local\Programs\MiKTeX\tex/latex/libertine\ot1linuxl
ibertinet-tlf.fd
File: OT1LinuxLibertineT-TLF.fd 2017/03/20 (autoinst) Font definitions for OT1/
LinuxLibertineT-TLF.
)
LaTeX Font Info:    Font shape `OT1/LinuxLibertineT-TLF/m/n' will be
(Font)              scaled to size 7.3pt on input line 163.
<<ot1.cmap>>
LaTeX Font Info:    Font shape `OT1/LinuxLibertineT-TLF/m/n' will be
(Font)              scaled to size 5.5pt on input line 163.
LaTeX Font Info:    Font shape `OML/nxlmi/m/it' will be
(Font)              scaled to size 7.3pt on input line 163.
<<oml.cmap>>
LaTeX Font Info:    Font shape `OML/nxlmi/m/it' will be
(Font)              scaled to size 5.5pt on input line 163.
LaTeX Font Info:    Font shape `LMS/ntxsy/m/n' will be
(Font)              scaled to size 7.3pt on input line 163.
LaTeX Font Info:    Font shape `LMS/ntxsy/m/n' will be
(Font)              scaled to size 5.5pt on input line 163.
LaTeX Font Info:    Font shape `LMX/ntxexx/m/n' will be
(Font)              scaled to size 7.3pt on input line 163.
LaTeX Font Info:    Font shape `LMX/ntxexx/m/n' will be
(Font)              scaled to size 5.5pt on input line 163.
LaTeX Font Info:    Trying to load font information for U+msa on input line 163
.

(C:\Users\m50057897\AppData\Local\Programs\MiKTeX\tex/latex/amsfonts\umsa.fd
File: umsa.fd 2013/01/14 v3.01 AMS symbols A
)
LaTeX Font Info:    Trying to load font information for U+msb on input line 163
.

(C:\Users\m50057897\AppData\Local\Programs\MiKTeX\tex/latex/amsfonts\umsb.fd
File: umsb.fd 2013/01/14 v3.01 AMS symbols B
)
LaTeX Font Info:    Trying to load font information for U+ntxmia on input line 
163.

(C:\Users\m50057897\AppData\Local\Programs\MiKTeX\tex/latex/newtx\untxmia.fd
File: untxmia.fd 2024/04/09 Fontinst v1.933 font definitions for U/ntxmia.
)
LaTeX Font Info:    Font shape `U/ntxmia/m/it' will be
(Font)              scaled to size 7.3pt on input line 163.
LaTeX Font Info:    Font shape `U/ntxmia/m/it' will be
(Font)              scaled to size 5.5pt on input line 163.
LaTeX Font Info:    Trying to load font information for U+ntxsym on input line 
163.

(C:\Users\m50057897\AppData\Local\Programs\MiKTeX\tex/latex/newtx\untxsym.fd
File: untxsym.fd 2023/08/16 Fontinst v1.933 font definitions for U/ntxsym.
)
LaTeX Font Info:    Font shape `U/ntxsym/m/n' will be
(Font)              scaled to size 7.3pt on input line 163.
LaTeX Font Info:    Font shape `U/ntxsym/m/n' will be
(Font)              scaled to size 5.5pt on input line 163.
LaTeX Font Info:    Trying to load font information for U+ntxsyc on input line 
163.

(C:\Users\m50057897\AppData\Local\Programs\MiKTeX\tex/latex/newtx\untxsyc.fd
File: untxsyc.fd 2012/04/12 Fontinst v1.933 font definitions for U/ntxsyc.
)
LaTeX Font Info:    Font shape `U/ntxsyc/m/n' will be
(Font)              scaled to size 7.3pt on input line 163.
LaTeX Font Info:    Font shape `U/ntxsyc/m/n' will be
(Font)              scaled to size 5.5pt on input line 163.
LaTeX Font Info:    Font shape `U/ntxexa/m/n' will be
(Font)              scaled to size 7.3pt on input line 163.
LaTeX Font Info:    Font shape `U/ntxexa/m/n' will be
(Font)              scaled to size 5.5pt on input line 163.
LaTeX Info: Command `\dddot' is already robust on input line 163.
LaTeX Info: Command `\ddddot' is already robust on input line 163.
Package microtype Info: Patching varwidth to enable character protrusion.
\MT@vwid@leftmargin=\dimen376
\MT@vwid@rightmargin=\dimen377
LaTeX Info: Redefining \microtypecontext on input line 163.
Package microtype Info: Applying patch `item' on input line 163.
Package microtype Info: Applying patch `toc' on input line 163.
Package microtype Info: Applying patch `eqnum' on input line 163.
Package microtype Info: Applying patch `footnote' on input line 163.
Package microtype Info: Applying patch `verbatim' on input line 163.
LaTeX Info: Redefining \microtypesetup on input line 163.
Package microtype Info: Generating PDF output.
Package microtype Info: Character protrusion enabled (level 2).
Package microtype Info: Using default protrusion set `alltext'.
Package microtype Info: Automatic font expansion enabled (level 2),
(microtype)             stretch: 20, shrink: 20, step: 1, non-selected.
Package microtype Info: Using default expansion set `alltext-nott'.
Package microtype Info: Patching command `\showhyphens'.
Package microtype Info: No adjustment of tracking.
Package microtype Info: No adjustment of interword spacing.
Package microtype Info: No adjustment of character kerning.
Package microtype Info: Loading generic protrusion settings for font family
(microtype)             `LinuxLibertineT-TLF' (encoding: T1).
(microtype)             For optimal results, create family-specific settings.
(microtype)             See the microtype manual for details.
Package hyperref Info: Link coloring OFF on input line 163.

(main.out) (main.out)
\@outlinefile=\write5
\openout5 = `main.out'.


(C:\Users\m50057897\AppData\Local\Programs\MiKTeX\tex/context/base/mkii\supp-pd
f.mkii
[Loading MPS to PDF converter (version 2006.09.02).]
\scratchcounter=\count401
\scratchdimen=\dimen378
\scratchbox=\box112
\nofMPsegments=\count402
\nofMParguments=\count403
\everyMPshowfont=\toks68
\MPscratchCnt=\count404
\MPscratchDim=\dimen379
\MPnumerator=\count405
\makeMPintoPDFobject=\count406
\everyMPtoPDFconversion=\toks69
)
(C:\Users\m50057897\AppData\Local\Programs\MiKTeX\tex/latex/epstopdf-pkg\epstop
df-base.sty
Package: epstopdf-base 2020-01-24 v2.11 Base part for package epstopdf
Package epstopdf-base Info: Redefining graphics rule for `.eps' on input line 4
85.

(C:\Users\m50057897\AppData\Local\Programs\MiKTeX\tex/latex/00miktex\epstopdf-s
ys.cfg
File: epstopdf-sys.cfg 2021/03/18 v2.0 Configuration of epstopdf for MiKTeX
))
*geometry* driver: auto-detecting
*geometry* detected driver: pdftex
*geometry* verbose mode - [ preamble ] result:
* driver: pdftex
* paper: custom
* layout: <same size as paper>
* layoutoffset:(h,v)=(0.0pt,0.0pt)
* modes: includehead includefoot twoside heightrounded 
* h-part:(L,W,R)=(54.0pt, 506.295pt, 54.0pt)
* v-part:(T,H,B)=(57.0pt, 664.96999pt, 73.0pt)
* \paperwidth=614.295pt
* \paperheight=794.96999pt
* \textwidth=506.295pt
* \textheight=626.0pt
* \oddsidemargin=-18.26999pt
* \evensidemargin=-18.26999pt
* \topmargin=-15.26999pt
* \headheight=13.0pt
* \headsep=14.0pt
* \topskip=10.0pt
* \footskip=12.0pt
* \marginparwidth=24.0pt
* \marginparsep=11.0pt
* \columnsep=24.0pt
* \skip\footins=7.0pt plus 11.0pt
* \hoffset=0.0pt
* \voffset=0.0pt
* \mag=1000
* \@twocolumnfalse
* \@twosidetrue
* \@mparswitchtrue
* \@reversemarginfalse
* (1in=72.27pt=25.4mm, 1cm=28.453pt)

\c@mv@tabular=\count407
\c@mv@boldtabular=\count408

(C:\Users\m50057897\AppData\Local\Programs\MiKTeX\tex/latex/upquote\upquote.sty
Package: upquote 2012/04/19 v1.3 upright-quote and grave-accent glyphs in verba
tim
)
Package caption Info: Begin \AtBeginDocument code.
Package caption Info: float package is loaded.
Package caption Info: listings package is loaded.
Package caption Info: threeparttable package is loaded.
Package caption Info: End \AtBeginDocument code.
\c@lstlisting=\count409

(C:\Users\m50057897\AppData\Local\Programs\MiKTeX\tex/latex/translations/dicts\
translations-basic-dictionary-english.trsl
File: translations-basic-dictionary-english.trsl (english translation file `tra
nslations-basic-dictionary')
)
Package translations Info: loading dictionary `translations-basic-dictionary' f
or `english'. on input line 163.
 Excluding 'CCSXML' comment.
LaTeX Font Info:    Font shape `T1/LinuxLibertineT-TLF/m/n' will be
(Font)              scaled to size 17.28pt on input line 196.
LaTeX Font Info:    Trying to load font information for T1+LinuxBiolinumT-TLF o
n input line 196.

(C:\Users\m50057897\AppData\Local\Programs\MiKTeX\tex/latex/libertine\t1linuxbi
olinumt-tlf.fd
File: T1LinuxBiolinumT-TLF.fd 2017/03/20 (autoinst) Font definitions for T1/Lin
uxBiolinumT-TLF.
)
LaTeX Font Info:    Font shape `T1/LinuxBiolinumT-TLF/m/n' will be
(Font)              scaled to size 17.28pt on input line 196.
Package microtype Info: Loading generic protrusion settings for font family
(microtype)             `LinuxBiolinumT-TLF' (encoding: T1).
(microtype)             For optimal results, create family-specific settings.
(microtype)             See the microtype manual for details.
LaTeX Font Info:    Font shape `T1/LinuxBiolinumT-TLF/b/n' will be
(Font)              scaled to size 17.28pt on input line 196.
LaTeX Font Info:    Font shape `T1/LinuxLibertineT-TLF/m/n' will be
(Font)              scaled to size 12.0pt on input line 196.
LaTeX Font Info:    Font shape `T1/LinuxLibertineT-TLF/m/n' will be
(Font)              scaled to size 10.0pt on input line 196.
LaTeX Font Info:    Font shape `T1/LinuxLibertineT-TLF/b/n' will be
(Font)              scaled to size 9.0pt on input line 196.
LaTeX Font Info:    Font shape `T1/LinuxLibertineT-TLF/b/n' will be
(Font)              scaled to size 10.95pt on input line 196.
LaTeX Font Info:    Font shape `T1/LinuxLibertineT-TLF/m/it' will be
(Font)              scaled to size 9.0pt on input line 196.
LaTeX Font Info:    Font shape `T1/LinuxLibertineT-TLF/m/sc' will be
(Font)              scaled to size 9.0pt on input line 196.
LaTeX Font Info:    Trying to load font information for T1+zi4 on input line 19
6.

(C:\Users\m50057897\AppData\Local\Programs\MiKTeX\tex/latex/inconsolata\t1zi4.f
d
File: t1zi4.fd 2018/01/14 T1/zi4 (Inconsolata)
)
LaTeX Font Info:    Font shape `T1/zi4/m/n' will be
(Font)              scaled to size 9.0pt on input line 196.
Package microtype Info: Loading generic protrusion settings for font family
(microtype)             `zi4' (encoding: T1).
(microtype)             For optimal results, create family-specific settings.
(microtype)             See the microtype manual for details.
LaTeX Font Info:    Font shape `OT1/LinuxLibertineT-TLF/m/n' will be
(Font)              scaled to size 9.0pt on input line 196.
Package microtype Info: Loading generic protrusion settings for font family
(microtype)             `LinuxLibertineT-TLF' (encoding: OT1).
(microtype)             For optimal results, create family-specific settings.
(microtype)             See the microtype manual for details.
LaTeX Font Info:    Font shape `OT1/LinuxLibertineT-TLF/m/n' will be
(Font)              scaled to size 6.6pt on input line 196.
LaTeX Font Info:    Font shape `OML/nxlmi/m/it' will be
(Font)              scaled to size 9.0pt on input line 196.
LaTeX Font Info:    Font shape `OML/nxlmi/m/it' will be
(Font)              scaled to size 6.6pt on input line 196.
LaTeX Font Info:    Font shape `LMS/ntxsy/m/n' will be
(Font)              scaled to size 9.0pt on input line 196.
LaTeX Font Info:    Font shape `LMS/ntxsy/m/n' will be
(Font)              scaled to size 6.6pt on input line 196.
LaTeX Font Info:    Font shape `LMX/ntxexx/m/n' will be
(Font)              scaled to size 9.0pt on input line 196.
LaTeX Font Info:    Font shape `LMX/ntxexx/m/n' will be
(Font)              scaled to size 6.6pt on input line 196.

(C:\Users\m50057897\AppData\Local\Programs\MiKTeX\tex/latex/microtype\mt-msa.cf
g
File: mt-msa.cfg 2006/02/04 v1.1 microtype config. file: AMS symbols (a) (RS)
)
(C:\Users\m50057897\AppData\Local\Programs\MiKTeX\tex/latex/microtype\mt-msb.cf
g
File: mt-msb.cfg 2005/06/01 v1.0 microtype config. file: AMS symbols (b) (RS)
)
LaTeX Font Info:    Font shape `U/ntxmia/m/it' will be
(Font)              scaled to size 9.0pt on input line 196.
LaTeX Font Info:    Font shape `U/ntxmia/m/it' will be
(Font)              scaled to size 6.6pt on input line 196.
LaTeX Font Info:    Font shape `U/ntxsym/m/n' will be
(Font)              scaled to size 9.0pt on input line 196.
LaTeX Font Info:    Font shape `U/ntxsym/m/n' will be
(Font)              scaled to size 6.6pt on input line 196.
LaTeX Font Info:    Font shape `U/ntxsyc/m/n' will be
(Font)              scaled to size 9.0pt on input line 196.
LaTeX Font Info:    Font shape `U/ntxsyc/m/n' will be
(Font)              scaled to size 6.6pt on input line 196.
LaTeX Font Info:    Font shape `U/ntxexa/m/n' will be
(Font)              scaled to size 9.0pt on input line 196.
LaTeX Font Info:    Font shape `U/ntxexa/m/n' will be
(Font)              scaled to size 6.6pt on input line 196.
LaTeX Font Info:    Trying to load font information for TS1+LinuxLibertineT-TLF
 on input line 196.

(C:\Users\m50057897\AppData\Local\Programs\MiKTeX\tex/latex/libertine\ts1linuxl
ibertinet-tlf.fd
File: TS1LinuxLibertineT-TLF.fd 2017/03/20 (autoinst) Font definitions for TS1/
LinuxLibertineT-TLF.
)
LaTeX Font Info:    Font shape `TS1/LinuxLibertineT-TLF/m/n' will be
(Font)              scaled to size 9.0pt on input line 196.
Package microtype Info: Loading generic protrusion settings for font family
(microtype)             `LinuxLibertineT-TLF' (encoding: TS1).
(microtype)             For optimal results, create family-specific settings.
(microtype)             See the microtype manual for details.
LaTeX Font Info:    Font shape `T1/LinuxLibertineT-TLF/m/n' will be
(Font)              scaled to size 8.0pt on input line 196.
LaTeX Font Info:    Font shape `T1/LinuxLibertineT-TLF/b/n' will be
(Font)              scaled to size 8.0pt on input line 196.
LaTeX Font Info:    Font shape `T1/LinuxLibertineT-TLF/m/it' will be
(Font)              scaled to size 8.0pt on input line 196.
LaTeX Font Info:    Font shape `OT1/LinuxLibertineT-TLF/m/n' will be
(Font)              scaled to size 8.0pt on input line 196.
LaTeX Font Info:    Font shape `OT1/LinuxLibertineT-TLF/m/n' will be
(Font)              scaled to size 6.0pt on input line 196.
LaTeX Font Info:    Font shape `OML/nxlmi/m/it' will be
(Font)              scaled to size 8.0pt on input line 196.
LaTeX Font Info:    Font shape `OML/nxlmi/m/it' will be
(Font)              scaled to size 6.0pt on input line 196.
LaTeX Font Info:    Font shape `LMS/ntxsy/m/n' will be
(Font)              scaled to size 8.0pt on input line 196.
LaTeX Font Info:    Font shape `LMS/ntxsy/m/n' will be
(Font)              scaled to size 6.0pt on input line 196.
LaTeX Font Info:    Font shape `LMX/ntxexx/m/n' will be
(Font)              scaled to size 8.0pt on input line 196.
LaTeX Font Info:    Font shape `LMX/ntxexx/m/n' will be
(Font)              scaled to size 6.0pt on input line 196.
LaTeX Font Info:    Font shape `U/ntxmia/m/it' will be
(Font)              scaled to size 8.0pt on input line 196.
LaTeX Font Info:    Font shape `U/ntxmia/m/it' will be
(Font)              scaled to size 6.0pt on input line 196.
LaTeX Font Info:    Font shape `U/ntxsym/m/n' will be
(Font)              scaled to size 8.0pt on input line 196.
LaTeX Font Info:    Font shape `U/ntxsym/m/n' will be
(Font)              scaled to size 6.0pt on input line 196.
LaTeX Font Info:    Font shape `U/ntxsyc/m/n' will be
(Font)              scaled to size 8.0pt on input line 196.
LaTeX Font Info:    Font shape `U/ntxsyc/m/n' will be
(Font)              scaled to size 6.0pt on input line 196.
LaTeX Font Info:    Font shape `U/ntxexa/m/n' will be
(Font)              scaled to size 8.0pt on input line 196.
LaTeX Font Info:    Font shape `U/ntxexa/m/n' will be
(Font)              scaled to size 6.0pt on input line 196.
 (1.Introduction.tex
Underfull \hbox (badness 1342) in paragraph at lines 10--11
\T1/LinuxLibertineT-TLF/m/n/9 (+20) cor-pus ex-poses three re-cur-ring chal-len
ges in \T1/LinuxLibertineT-TLF/m/it/9 (+20) source iden-tity
 []


Underfull \hbox (badness 3078) in paragraph at lines 10--11
\T1/LinuxLibertineT-TLF/m/it/9 (+20) res-o-lu-tion\T1/LinuxLibertineT-TLF/m/n/9
 (+20) . \T1/LinuxLibertineT-TLF/b/n/9 (+20) C1: API iden-tity is un-sta-ble un
-der pack-age
 []


Underfull \hbox (badness 1077) in paragraph at lines 10--11
\T1/LinuxLibertineT-TLF/b/n/9 (+20) Receiver-origin and prop-erty iden-ti-ties 
are in-vis-i-ble to
 []


Underfull \vbox (badness 10000) has occurred while \output is active []

LaTeX Font Info:    Font shape `T1/LinuxLibertineT-TLF/m/n' will be
(Font)              scaled to size 6.0pt on input line 11.
 [1.1{C:/Users/m50057897/AppData/Local/MiKTeX/fonts/map/pdftex/pdftex.map}{C:/U
sers/m50057897/AppData/Local/Programs/MiKTeX/fonts/enc/dvips/libertine/lbtn_76g
pa5.enc}{C:/Users/m50057897/AppData/Local/Programs/MiKTeX/fonts/enc/dvips/liber
tine/lbtn_25tcsq.enc}

{C:/Users/m50057897/AppData/Local/Programs/MiKTeX/fonts/enc/dvips/libertine/lbt
n_nh77jq.enc}{C:/Users/m50057897/AppData/Local/Programs/MiKTeX/fonts/enc/dvips/
libertine/lbtn_7grukw.enc}{C:/Users/m50057897/AppData/Local/Programs/MiKTeX/fon
ts/enc/dvips/libertine/lbtn_ncsllp.enc}{C:/Users/m50057897/AppData/Local/Progra
ms/MiKTeX/fonts/enc/dvips/inconsolata/i4-t1-4.enc}{C:/Users/m50057897/AppData/L
ocal/Programs/MiKTeX/fonts/enc/dvips/libertine/lbtn_oexx6f.enc}{C:/Users/m50057
897/AppData/Local/Programs/MiKTeX/fonts/enc/dvips/libertine/lbtn_naooyc.enc}]
Underfull \hbox (badness 5908) in paragraph at lines 12--13
\T1/LinuxLibertineT-TLF/m/n/9 (+20) sider a con-crete fail-ure pat-tern. An app
 ob-tains a cam-
 []


Underfull \hbox (badness 1152) in paragraph at lines 12--13
\T1/LinuxLibertineT-TLF/m/n/9 (+20) era man-ager via \T1/zi4/m/n/9 camera.getCa
meraManager(ctx)\T1/LinuxLibertineT-TLF/m/n/9 (+20) , then calls
 []


Underfull \vbox (badness 10000) has occurred while \output is active []

LaTeX Font Info:    Font shape `OT1/LinuxLibertineT-TLF/m/it' will be
(Font)              scaled to size 9.0pt on input line 25.
LaTeX Font Info:    Font shape `OT1/LinuxLibertineT-TLF/m/it' will be
(Font)              scaled to size 6.6pt on input line 25.
LaTeX Font Info:    Font shape `OT1/LinuxLibertineT-TLF/m/it' will be
(Font)              scaled to size 5.5pt on input line 25.

Underfull \hbox (badness 10000) in paragraph at lines 26--27
[]\T1/LinuxLibertineT-TLF/b/n/9 (+20) Asynchronous source bind-ing for ArkTS.
 []


Underfull \hbox (badness 10000) in paragraph at lines 26--27
\T1/LinuxLibertineT-TLF/m/n/9 (+20) We for-mal-ize source-consumer bind-ing as
 []


Underfull \hbox (badness 10000) in paragraph at lines 26--27
[]\LMS/ntxsy/m/n/9 ¹\OML/nxlmi/m/it/9 call; callback; param\LMS/ntxsy/m/n/9 º$\
T1/LinuxLibertineT-TLF/m/n/9 (+20) , with trans-fer rules
 []


Underfull \hbox (badness 5050) in paragraph at lines 26--27
\T1/LinuxLibertineT-TLF/m/n/9 (+20) call-backs, builder-option call-backs, Prom
ise \T1/zi4/m/n/9 .then()
 []


Underfull \hbox (badness 10000) in paragraph at lines 28--29
[]\T1/LinuxLibertineT-TLF/b/n/9 (+20) Empirical eval-u-a-tion on 1,015 Open-Har
-mony
 []


Underfull \hbox (badness 1082) in paragraph at lines 28--29
\T1/LinuxLibertineT-TLF/m/n/9 (+20) iso-lates each com-po-nent: call-back anal-
y-sis dom-i-nates
 []


Underfull \vbox (badness 10000) has occurred while \output is active []

LaTeX Font Info:    Font shape `T1/LinuxBiolinumT-TLF/m/n' will be
(Font)              scaled to size 9.0pt on input line 29.
LaTeX Font Info:    Font shape `T1/LinuxBiolinumT-TLF/m/n' will be
(Font)              scaled to size 7.0pt on input line 29.
 [2.2{C:/Users/m50057897/AppData/Local/Programs/MiKTeX/fonts/enc/dvips/libertin
e/lbtn_kijugd.enc}]) (2.Background.tex
Underfull \hbox (badness 1189) in paragraph at lines 11--12
[]\T1/LinuxLibertineT-TLF/m/n/9 (+20) This evo-lu-tion cre-ates a ten-sion: ex-
act pack-age match-ing
 []


Underfull \hbox (badness 2359) in paragraph at lines 16--17
\T1/LinuxLibertineT-TLF/m/n/9 (+20) is a rep-re-sen-ta-tion and graph-construct
ion layer (Ark files,
 []


Underfull \vbox (badness 3623) has occurred while \output is active []


(C:\Users\m50057897\AppData\Local\Programs\MiKTeX\tex/latex/listings\lstlang1.s
ty
File: lstlang1.sty 2025/11/14 1.11b listings language file
)
Package hyperref Info: bookmark level for unknown lstlisting defaults to 0 on i
nput line 26.
LaTeX Font Info:    Font shape `T1/zi4/m/n' will be
(Font)              scaled to size 6.0pt on input line 26.
LaTeX Font Info:    Font shape `T1/zi4/m/n' will be
(Font)              scaled to size 7.0pt on input line 27.
LaTeX Font Info:    Trying to load font information for TS1+zi4 on input line 2
7.

(C:\Users\m50057897\AppData\Local\Programs\MiKTeX\tex/latex/inconsolata\ts1zi4.
fd
File: ts1zi4.fd 2018/01/14 TS1/zi4 (Inconsolata)
)
LaTeX Font Info:    Font shape `TS1/zi4/m/n' will be
(Font)              scaled to size 6.0pt on input line 27.
Package microtype Info: Loading generic protrusion settings for font family
(microtype)             `zi4' (encoding: TS1).
(microtype)             For optimal results, create family-specific settings.
(microtype)             See the microtype manual for details.
) (3.DesignofRAPA.tex
Underfull \hbox (badness 10000) in paragraph at lines 54--1
\T1/LinuxLibertineT-TLF/m/n/9 (+20) Before de-sign-ing \T1/LinuxLibertineT-TLF/
m/sc/9 (+20) ArkPrism\T1/LinuxLibertineT-TLF/m/n/9 (+20) , we re-peat-edly ran 
the
 []

[3.3{C:/Users/m50057897/AppData/Local/Programs/MiKTeX/fonts/enc/dvips/inconsola
ta/i4-ts1.enc}]
LaTeX Font Info:    Font shape `T1/LinuxLibertineT-TLF/b/sc' will be
(Font)              scaled to size 10.95pt on input line 1.
LaTeX Font Info:    Font shape `T1/LinuxLibertineT-TLF/m/n' will be
(Font)              scaled to size 6.6pt on input line 26.
LaTeX Font Info:    Font shape `T1/LinuxLibertineT-TLF/m/n' will be
(Font)              scaled to size 5.5pt on input line 26.

Underfull \hbox (badness 1087) in paragraph at lines 29--30
[]\T1/LinuxLibertineT-TLF/m/n/9 (+20) where $\OML/nxlmi/m/it/9 A$ \T1/LinuxLibe
rtineT-TLF/m/n/9 (+20) is the alias re-la-tion re-cov-ered from im-ports, as-
 []


Underfull \hbox (badness 1199) in paragraph at lines 29--30
\T1/LinuxLibertineT-TLF/m/n/9 (+20) rec-og-nized us-age set is $\OML/nxlmi/m/it
/9 U \U/ntxmia/m/it/9 = \LMS/ntxsy/m/n/9 f\OML/nxlmi/m/it/9 u \LMS/ntxsy/m/n/9 
j 9\OML/nxlmi/m/it/9 s \LMS/ntxsy/m/n/9 2 \OML/nxlmi/m/it/9 Stmt\LMS/ntxsy/m/n/
9 ¹\OML/nxlmi/m/it/9 P\LMS/ntxsy/m/n/9 º\OML/nxlmi/m/it/9 ; \LMS/ntxsy/m/n/9 9\
OML/nxlmi/m/it/9 r \LMS/ntxsy/m/n/9 2
 []

<figs/arkprism_architecture_generated.jpg, id=300, 2762.32pt x 1391.1975pt>
File: figs/arkprism_architecture_generated.jpg Graphic file (type jpg)
<use figs/arkprism_architecture_generated.jpg>
Package pdftex.def Info: figs/arkprism_architecture_generated.jpg  used on inpu
t line 57.
(pdftex.def)             Requested size: 241.14749pt x 121.44502pt.
LaTeX Font Info:    Font shape `T1/LinuxLibertineT-TLF/b/sc' will be
(Font)              scaled to size 9.0pt on input line 58.
<figs/2.jpg, id=305, 2029.5825pt x 1190.4475pt>
File: figs/2.jpg Graphic file (type jpg)
<use figs/2.jpg>
Package pdftex.def Info: figs/2.jpg  used on input line 72.
(pdftex.def)             Requested size: 241.14749pt x 141.43068pt.

Underfull \hbox (badness 10000) in paragraph at lines 78--79
[]\T1/LinuxLibertineT-TLF/m/n/9 (+20) A direct-call base-line that only matches

 []


Underfull \hbox (badness 10000) in paragraph at lines 78--79
\T1/zi4/m/n/9 namespace.method(...) \T1/LinuxLibertineT-TLF/m/n/9 (+20) state-m
ents can re-cover nei-ther
 []

[4.4{C:/Users/m50057897/AppData/Local/Programs/MiKTeX/fonts/enc/dvips/libertine
/lbtn_tlukpt.enc} <./figs/arkprism_architecture_generated.jpg>]
Underfull \hbox (badness 10000) in paragraph at lines 83--84
\T1/zi4/m/n/9 @ohos.geoLocationManager $\LMS/ntxsy/m/n/9 ^^Q[]$ \T1/zi4/m/n/9 @
kit.LocationKit\T1/LinuxLibertineT-TLF/m/n/9 (+20) , and
 []


Underfull \hbox (badness 1199) in paragraph at lines 89--90
[]\T1/LinuxLibertineT-TLF/m/n/9 (+20) The an-a-lyzer also de-rives names-pace a
liases from im-port
 []


Underfull \hbox (badness 1990) in paragraph at lines 89--90
\T1/LinuxLibertineT-TLF/m/n/9 (+20) dec-la-ra-tions. If a source file con-tains
 \T1/zi4/m/n/9 import wifi from
 []


Underfull \hbox (badness 1946) in paragraph at lines 95--96
[]\T1/LinuxLibertineT-TLF/m/n/9 (+20) where $\OML/nxlmi/m/it/9 ^^W$ \T1/LinuxLi
bertineT-TLF/m/n/9 (+20) nor-mal-izes names-pace aliases and $\OML/nxlmi/m/it/9
 ^^[$ \T1/LinuxLibertineT-TLF/m/n/9 (+20) nor-mal-izes
 []

LaTeX Font Info:    Font shape `T1/LinuxBiolinumT-TLF/m/it' will be
(Font)              scaled to size 9.0pt on input line 104.

Underfull \hbox (badness 10000) in paragraph at lines 129--130
[]\T1/LinuxLibertineT-TLF/m/n/9 (+20) The first case cov-ers the com-mon pat-te
rn $\OML/nxlmi/m/it/9 mgr \LMS/ntxsy/m/n/9  
 []


Underfull \hbox (badness 1515) in paragraph at lines 129--130
\OML/nxlmi/m/it/9 getManager\LMS/ntxsy/m/n/9 ¹\OML/nxlmi/m/it/9 ctx\LMS/ntxsy/m
/n/9 º\OT1/LinuxLibertineT-TLF/m/n/9 (+20) ;  \OML/nxlmi/m/it/9 mgr:getData\LMS
/ntxsy/m/n/9 ¹\OML/nxlmi/m/it/9 cb\LMS/ntxsy/m/n/9 º$\T1/LinuxLibertineT-TLF/m/
n/9 (+20) , where the re-ceiver $\OML/nxlmi/m/it/9 mgr$
 []


Underfull \hbox (badness 10000) in paragraph at lines 138--139
[]$[]$\T1/LinuxLibertineT-TLF/m/n/9 (+20) : field/property read, e.g.,
 []

[5.5 <./figs/2.jpg>]
Underfull \hbox (badness 1715) in paragraph at lines 160--161
\T1/LinuxLibertineT-TLF/m/n/9 (+20) re-la-tion $\OML/nxlmi/m/it/9 A[]$\T1/Linux
LibertineT-TLF/m/n/9 (+20) . For as-sign-ments of the form $\OML/nxlmi/m/it/9 t
 \OT1/LinuxLibertineT-TLF/m/n/9 (+20) :\U/ntxmia/m/it/9 = \OML/nxlmi/m/it/9 q:m
ember$\T1/LinuxLibertineT-TLF/m/n/9 (+20) ,
 []


Underfull \hbox (badness 2165) in paragraph at lines 160--161
\T1/LinuxLibertineT-TLF/m/sc/9 (+20) ArkPrism \T1/LinuxLibertineT-TLF/m/n/9 (+2
0) records $\LMS/ntxsy/m/n/9 ¹\OML/nxlmi/m/it/9 t; q:member\LMS/ntxsy/m/n/9 º 2
 \OML/nxlmi/m/it/9 A[]$\T1/LinuxLibertineT-TLF/m/n/9 (+20) . A later state-ment

 []


Underfull \hbox (badness 10000) in paragraph at lines 180--181
\T1/LinuxLibertineT-TLF/m/n/9 (+20) OpenHarmony pri-vacy APIs de-liver sen-si-t
ive data pri-
 []


Underfull \hbox (badness 10000) in paragraph at lines 180--181
\T1/LinuxLibertineT-TLF/m/n/9 (+20) mar-ily through asyn-chro-nous call-backs a
nd Promise
 []


Underfull \hbox (badness 10000) in paragraph at lines 180--181
\T1/LinuxLibertineT-TLF/m/n/9 (+20) chains rather than di-rect re-turn val-ues.
 For ex-am-ple,
 []


Underfull \hbox (badness 10000) in paragraph at lines 180--181
\T1/zi4/m/n/9 geoLocationManager.getCurrentLocation(callback)
 []


Underfull \hbox (badness 10000) in paragraph at lines 180--181
\T1/LinuxLibertineT-TLF/m/n/9 (+20) passes lo-ca-tion data to a call-back pa-ra
m-e-ter, while
 []


Underfull \hbox (badness 10000) in paragraph at lines 180--181
\T1/zi4/m/n/9 wifiManager.getLinkedInfo().then(callback) \T1/LinuxLibertineT-TL
F/m/n/9 (+20) de-liv-ers
 []


Underfull \hbox (badness 1033) in paragraph at lines 180--181
\T1/LinuxLibertineT-TLF/m/n/9 (+20) a-ga-tion tracks data flow through call-sit
e re-turn val-ues and
 []


Underfull \hbox (badness 1199) in paragraph at lines 180--181
\T1/LinuxLibertineT-TLF/m/n/9 (+20) inter-procedural edges, but can-not au-to-m
at-i-cally re-solve the
 []


Underfull \hbox (badness 10000) in paragraph at lines 199--199
[]|\T1/zi4/m/n/8 this.onSelect=(info)$\LMS/ntxsy/m/n/8 )$\T1/zi4/m/n/8 process(
info);
 []

[6.6]

LaTeX Font Warning: Font shape `T1/zi4/m/it' undefined
(Font)              using `T1/zi4/m/n' instead on input line 227.


Underfull \hbox (badness 10000) in paragraph at lines 229--230
[]\T1/LinuxLibertineT-TLF/b/n/9 (+20) Direct chain-ing: $\OML/nxlmi/m/it/9 sour
ceApi\LMS/ntxsy/m/n/9 ¹\OML/nxlmi/m/it/9 args\LMS/ntxsy/m/n/9 º\OML/nxlmi/m/it/
9 :then\LMS/ntxsy/m/n/9 ¹\OML/nxlmi/m/it/9 cb\LMS/ntxsy/m/n/9 º$ \T1/LinuxLiber
tineT-TLF/m/n/9 (+20) cre-ates
 []


Underfull \hbox (badness 10000) in paragraph at lines 233--234
[]\T1/LinuxLibertineT-TLF/b/n/9 (+20) Sequential chain-ing: $\OML/nxlmi/m/it/9 
x:then\LMS/ntxsy/m/n/9 ¹\OML/nxlmi/m/it/9 cb[]\LMS/ntxsy/m/n/9 º\OML/nxlmi/m/it
/9 :then\LMS/ntxsy/m/n/9 ¹\OML/nxlmi/m/it/9 cb[]\LMS/ntxsy/m/n/9 º$ \T1/LinuxLi
bertineT-TLF/m/n/9 (+20) cre-ates
 []

LaTeX Font Info:    Font shape `T1/zi4/m/it' will be
(Font)              scaled to size 9.0pt on input line 237.

Underfull \hbox (badness 1975) in paragraph at lines 248--249
 \T1/LinuxBiolinumT-TLF/m/it/9 (+20) 3.7.6 Al-go-rithm.[] \T1/LinuxLibertineT-T
LF/m/n/9 (+20) Al-go-rithm []1[] sum-ma-rizes the asyn-chro-nous
 []

LaTeX Font Info:    Font shape `T1/LinuxLibertineT-TLF/b/n' will be
(Font)              scaled to size 6.0pt on input line 278.
LaTeX Font Info:    Font shape `T1/LinuxLibertineT-TLF/b/n' will be
(Font)              scaled to size 5.55556pt on input line 278.
LaTeX Font Info:    Font shape `T1/zi4/m/it' will be
(Font)              scaled to size 8.0pt on input line 278.
LaTeX Font Info:    Font shape `T1/LinuxLibertineT-TLF/b/it' will be
(Font)              scaled to size 8.0pt on input line 278.

Underfull \vbox (badness 10000) has occurred while \output is active []

 [7.7{C:/Users/m50057897/AppData/Local/Programs/MiKTeX/fonts/enc/dvips/libertin
e/lbtn_ki75ao.enc}]) (4.Implementation.tex) (5.Evaluation.tex
Underfull \vbox (badness 10000) has occurred while \output is active []

 [8.8]
<figs/eval_manual_benchmark_landscape.pdf, id=407, 256.1856pt x 125.5364pt>
File: figs/eval_manual_benchmark_landscape.pdf Graphic file (type pdf)
<use figs/eval_manual_benchmark_landscape.pdf>
Package pdftex.def Info: figs/eval_manual_benchmark_landscape.pdf  used on inpu
t line 60.
(pdftex.def)             Requested size: 241.14749pt x 118.17279pt.

[9.9 <./figs/eval_manual_benchmark_landscape.pdf>]
Underfull \hbox (badness 10000) in alignment at lines 97--97
[][][][][][][] 
 []

<figs/eval_detection_effectiveness.pdf, id=460, 243.2919pt x 255.93692pt>
File: figs/eval_detection_effectiveness.pdf Graphic file (type pdf)
<use figs/eval_detection_effectiveness.pdf>
Package pdftex.def Info: figs/eval_detection_effectiveness.pdf  used on input l
ine 102.
(pdftex.def)             Requested size: 241.14749pt x 253.69073pt.

Underfull \hbox (badness 10000) in paragraph at lines 108--110
[]\T1/LinuxLibertineT-TLF/b/n/9 (+20) Comparison with HapFlow source con-fig-u-
ra-tion.
 []


Underfull \hbox (badness 10000) in paragraph at lines 108--110
\T1/LinuxLibertineT-TLF/m/n/9 (+20) work for Open-Har-mony/ArkTS. Its source co
n-fig-u-ra-tion
 []


Underfull \hbox (badness 1655) in paragraph at lines 108--110
\T1/LinuxLibertineT-TLF/m/n/9 (+20) re-ceivers) and pri-vacy con-stants (field 
reads). We con-fig-ure
 []

LaTeX Font Info:    Font shape `T1/LinuxLibertineT-TLF/m/sc' will be
(Font)              scaled to size 8.0pt on input line 119.

Underfull \hbox (badness 4416) in paragraph at lines 140--141
\T1/LinuxLibertineT-TLF/m/n/9 (+20) tracking data from con-fig-ured sources thr
ough the IR to
 []

[10.10 <./figs/eval_detection_effectiveness.pdf>]
LaTeX Font Info:    Calculating math sizes for size <6.6> on input line 153.
LaTeX Font Info:    Font shape `OT1/LinuxLibertineT-TLF/m/n' will be
(Font)              scaled to size 4.81796pt on input line 153.
LaTeX Font Info:    Font shape `OT1/LinuxLibertineT-TLF/m/n' will be
(Font)              scaled to size 3.63002pt on input line 153.
LaTeX Font Info:    Font shape `OML/nxlmi/m/it' will be
(Font)              scaled to size 4.81796pt on input line 153.
LaTeX Font Info:    Font shape `OML/nxlmi/m/it' will be
(Font)              scaled to size 3.63002pt on input line 153.
LaTeX Font Info:    Font shape `LMS/ntxsy/m/n' will be
(Font)              scaled to size 4.81796pt on input line 153.
LaTeX Font Info:    Font shape `LMS/ntxsy/m/n' will be
(Font)              scaled to size 3.63002pt on input line 153.
LaTeX Font Info:    Font shape `LMX/ntxexx/m/n' will be
(Font)              scaled to size 4.81796pt on input line 153.
LaTeX Font Info:    Font shape `LMX/ntxexx/m/n' will be
(Font)              scaled to size 3.63002pt on input line 153.
LaTeX Font Info:    Font shape `OT1/LinuxLibertineT-TLF/m/it' will be
(Font)              scaled to size 4.81796pt on input line 153.
LaTeX Font Info:    Font shape `OT1/LinuxLibertineT-TLF/m/it' will be
(Font)              scaled to size 3.63002pt on input line 153.
LaTeX Font Info:    Font shape `U/ntxmia/m/it' will be
(Font)              scaled to size 4.81796pt on input line 153.
LaTeX Font Info:    Font shape `U/ntxmia/m/it' will be
(Font)              scaled to size 3.63002pt on input line 153.
LaTeX Font Info:    Font shape `U/ntxsym/m/n' will be
(Font)              scaled to size 4.81796pt on input line 153.
LaTeX Font Info:    Font shape `U/ntxsym/m/n' will be
(Font)              scaled to size 3.63002pt on input line 153.
LaTeX Font Info:    Font shape `U/ntxsyc/m/n' will be
(Font)              scaled to size 4.81796pt on input line 153.
LaTeX Font Info:    Font shape `U/ntxsyc/m/n' will be
(Font)              scaled to size 3.63002pt on input line 153.
LaTeX Font Info:    Font shape `U/ntxexa/m/n' will be
(Font)              scaled to size 4.81796pt on input line 153.
LaTeX Font Info:    Font shape `U/ntxexa/m/n' will be
(Font)              scaled to size 3.63002pt on input line 153.
LaTeX Font Info:    Font shape `OT1/LinuxLibertineT-TLF/m/it' will be
(Font)              scaled to size 7.3pt on input line 155.

Underfull \vbox (badness 10000) has occurred while \output is active []


Underfull \hbox (badness 2591) in paragraph at lines 217--217
[]\T1/LinuxLibertineT-TLF/b/n/9 (+20) Table 7: |Com-po-nent ab-la-tion on ArkPr
ism-Bench (164
 []


Overfull \hbox (2.12292pt too wide) in paragraph at lines 229--229
\T1/LinuxLibertineT-TLF/m/n/8 (-20) IFDS+CB+LC+PTA|  
 []

[11.11]
Underfull \vbox (badness 10000) has occurred while \output is active []

<figs/eval_corpus_landscape.pdf, id=549, 244.76846pt x 251.19998pt>
File: figs/eval_corpus_landscape.pdf Graphic file (type pdf)
<use figs/eval_corpus_landscape.pdf>
Package pdftex.def Info: figs/eval_corpus_landscape.pdf  used on input line 249
.
(pdftex.def)             Requested size: 241.14749pt x 247.48518pt.
)
(6.Discussion.tex
Underfull \vbox (badness 10000) has occurred while \output is active []

 [12.12 <./figs/eval_corpus_landscape.pdf>]
Underfull \vbox (badness 10000) has occurred while \output is active []

)
(7.RelatedWork.tex
Underfull \hbox (badness 1661) in paragraph at lines 12--13
[]\T1/LinuxLibertineT-TLF/m/n/9 (+20) OpenHarmony has anal-o-gous but dif-fer-e
nt call-back prob-
 []


Underfull \vbox (badness 3838) has occurred while \output is active []

 [13.13])
(8.Conclusion.tex) (main.bbl
Underfull \vbox (badness 7221) has occurred while \output is active []

LaTeX Font Info:    Font shape `T1/LinuxLibertineT-TLF/m/it' will be
(Font)              scaled to size 7.0pt on input line 46.

Underfull \vbox (badness 10000) has occurred while \output is active []

 [14.14]
LaTeX Info: Redefining \tempurl on input line 377.
LaTeX Info: Redefining \tempurl on input line 390.
LaTeX Info: Redefining \tempurl on input line 543.

Underfull \vbox (badness 10000) has occurred while \output is active []


Underfull \hbox (badness 1087) in paragraph at lines 708--714
[]\T1/LinuxLibertineT-TLF/m/n/7 (+20) Guangliang Yang, Ab-ner Men-doza, Jia-lon
g Zhang, and Guofei Gu. 2017.
 []

) (9.Appendix.tex [15.15]
Underfull \hbox (badness 10000) in paragraph at lines 57--57
[]|\T1/LinuxLibertineT-TLF/m/n/7 (+20) Matched names-
 []


Underfull \hbox (badness 10000) in paragraph at lines 57--57
[]|\T1/LinuxLibertineT-TLF/m/n/7 (+20) Lost calls such as
 []


Underfull \hbox (badness 10000) in paragraph at lines 57--57
[]|\T1/LinuxLibertineT-TLF/m/n/7 (+20) Namespace-member alias
 []


Underfull \hbox (badness 10000) in paragraph at lines 57--57
[]|\T1/LinuxLibertineT-TLF/m/n/7 (+20) Recovered sig-na-
 []


Underfull \hbox (badness 10000) in paragraph at lines 57--57
[]|\T1/LinuxLibertineT-TLF/m/n/7 (+20) Receiver prove-
 []


Overfull \hbox (10.18527pt too wide) in paragraph at lines 57--57
[]|$[]\LMS/ntxsy/m/n/7.3 ¹\OML/nxlmi/m/it/7.3 call; cb; param\LMS/ntxsy/m/n/7.3
 º$| 
 []


Underfull \hbox (badness 10000) in alignment at lines 57--57
[][][][][][] 
 []


LaTeX Warning: `h' float specifier changed to `ht'.


Underfull \hbox (badness 10000) in paragraph at lines 63--64
\T1/LinuxLibertineT-TLF/m/n/9 (+20) Before de-sign-ing \T1/LinuxLibertineT-TLF/
m/sc/9 (+20) ArkPrism\T1/LinuxLibertineT-TLF/m/n/9 (+20) , we re-peat-edly ran 
the
 []


Underfull \hbox (badness 1024) in paragraph at lines 67--68
\T1/LinuxLibertineT-TLF/m/n/9 (+20) pack-ages missed apps im-port-ing equiv-a-l
ent his-tor-i-cal
 []


Underfull \vbox (badness 10000) has occurred while \output is active []



LaTeX Warning: `h' float specifier changed to `ht'.


Underfull \hbox (badness 10000) in alignment at lines 122--122
[][][][][][] 
 []


LaTeX Warning: `h' float specifier changed to `ht'.


LaTeX Warning: `h' float specifier changed to `ht'.


Underfull \vbox (badness 10000) has occurred while \output is active []

 [16.16]

LaTeX Warning: `h' float specifier changed to `ht'.


Underfull \hbox (badness 4416) in paragraph at lines 199--200
[]\T1/LinuxLibertineT-TLF/m/n/9 (+20) The top pack-age fam-i-lies are \T1/zi4/m
/it/9 @kit.ArkUI \T1/LinuxLibertineT-TLF/m/n/9 (+20) (438 us-ages),
 []


Underfull \hbox (badness 10000) in paragraph at lines 199--200
\T1/zi4/m/it/9 @kit.BasicServicesKit \T1/LinuxLibertineT-TLF/m/n/9 (+20) (376),
 \T1/zi4/m/it/9 @ohos.deviceInfo \T1/LinuxLibertineT-TLF/m/n/9 (+20) (175),
 []


Underfull \hbox (badness 10000) in paragraph at lines 199--200
\T1/zi4/m/it/9 @kit.NetworkKit \T1/LinuxLibertineT-TLF/m/n/9 (+20) (105), \T1/z
i4/m/it/9 @kit.ConnectivityKit \T1/LinuxLibertineT-TLF/m/n/9 (+20) (93), and
 []


Underfull \hbox (badness 10000) in paragraph at lines 199--200
\T1/zi4/m/it/9 @kit.LocationKit \T1/LinuxLibertineT-TLF/m/n/9 (+20) (87). The m
ost fre-quent meth-ods are
 []


Underfull \vbox (badness 2698) has occurred while \output is active []



LaTeX Warning: `h' float specifier changed to `ht'.

[17.17])

Package balance Warning: You have called \balance in second column
(balance)                Columns might not be balanced.


(C:\Users\m50057897\AppData\Local\Programs\MiKTeX\tex/generic/stringenc\se-pdfd
oc.def
File: se-pdfdoc.def 2019/11/29 v1.12 stringenc: PDFDocEncoding
)
(C:\Users\m50057897\AppData\Local\Programs\MiKTeX\tex/generic/stringenc\se-utf8
.def
File: se-utf8.def 2019/11/29 v1.12 stringenc: UTF-8
) [18.18] (main.aux)
 ***********
LaTeX2e <2025-11-01>
L3 programming layer <2025-12-24>
 ***********


LaTeX Font Warning: Some font shapes were not available, defaults substituted.

Package rerunfilecheck Info: File `main.out' has not changed.
(rerunfilecheck)             Checksum: 980FDCE477A2D2B6C57A6B1ACCAEEA53;11114.
 ) 
Here is how much of TeX's memory you used:
 44359 strings out of 467871
 881779 string characters out of 5416440
 1538568 words of memory out of 5000000
 71178 multiletter control sequences out of 15000+600000
 909962 words of font info for 721 fonts, out of 8000000 for 9000
 1302 hyphenation exceptions out of 8191
 98i,21n,131p,1430b,1660s stack positions out of 10000i,1000n,20000p,200000b,200000s
<C:/Users/m50057897/AppData/Local/Programs/MiKTeX/fonts/type1/public/inconsol
ata/Inconsolata-zi4r.pfb><C:/Users/m50057897/AppData/Local/Programs/MiKTeX/font
s/type1/public/newtx/LibertineMathMI.pfb><C:/Users/m50057897/AppData/Local/Prog
rams/MiKTeX/fonts/type1/public/newtx/LibertineMathMI5.pfb><C:/Users/m50057897/A
ppData/Local/Programs/MiKTeX/fonts/type1/public/newtx/LibertineMathMI7.pfb><C:/
Users/m50057897/AppData/Local/Programs/MiKTeX/fonts/type1/public/newtx/Libertin
eMathRM.pfb><C:/Users/m50057897/AppData/Local/Programs/MiKTeX/fonts/type1/publi
c/libertine/LinBiolinumT.pfb><C:/Users/m50057897/AppData/Local/Programs/MiKTeX/
fonts/type1/public/libertine/LinBiolinumTB.pfb><C:/Users/m50057897/AppData/Loca
l/Programs/MiKTeX/fonts/type1/public/libertine/LinBiolinumTI.pfb><C:/Users/m500
57897/AppData/Local/Programs/MiKTeX/fonts/type1/public/libertine/LinLibertineT.
pfb><C:/Users/m50057897/AppData/Local/Programs/MiKTeX/fonts/type1/public/libert
ine/LinLibertineTB.pfb><C:/Users/m50057897/AppData/Local/Programs/MiKTeX/fonts/
type1/public/libertine/LinLibertineTBI.pfb><C:/Users/m50057897/AppData/Local/Pr
ograms/MiKTeX/fonts/type1/public/libertine/LinLibertineTI.pfb><C:/Users/m500578
97/AppData/Local/Programs/MiKTeX/fonts/type1/public/newtx/NewTXMI.pfb><C:/Users
/m50057897/AppData/Local/Programs/MiKTeX/fonts/type1/public/newtx/NewTXMI7.pfb>
<C:/Users/m50057897/AppData/Local/Programs/MiKTeX/fonts/type1/public/newtx/txex
s.pfb><C:/Users/m50057897/AppData/Local/Programs/MiKTeX/fonts/type1/public/newt
x/txmiaX.pfb><C:/Users/m50057897/AppData/Local/Programs/MiKTeX/fonts/type1/publ
ic/newtx/txsym.pfb><C:/Users/m50057897/AppData/Local/Programs/MiKTeX/fonts/type
1/public/newtx/txsys.pfb>
Output written on main.pdf (18 pages, 2537387 bytes).
PDF statistics:
 936 PDF objects out of 1000 (max. 8388607)
 231 named destinations out of 1000 (max. 500000)
 153542 words of extra memory for PDF output out of 154059 (max. 10000000)

